bare_pattern.mm2|UNCLASSIFIABLE_PATTERN
bare_template.mm2|UNCLASSIFIABLE_TEMPLATE
controller_variable_limit.mm2|CONTROLLER_VARIABLE_LIMIT
counted_exec_head.mm2|COUNTED_EXEC_HEAD
empty_body.mm2|EMPTY_RULE_BODY
empty_head.mm2|EMPTY_RULE_HEAD
foreign_exec_template.mm2|FOREIGN_EXEC_TEMPLATE
io_sink.mm2|IO_SINK
io_source.mm2|IO_SOURCE
malformed_exec.mm2|MALFORMED_EXEC
no_rules.mm2|NO_RULES
removal_template.mm2|REMOVAL_TEMPLATE
reserved_source_form.mm2|RESERVED_SOURCE_FORM
self_modifying_rule.mm2|SELF_MODIFYING_RULE
too_many_variables.mm2|TOO_MANY_VARIABLES
unbound_head_variable.mm2|UNBOUND_HEAD_VARIABLE
unclassifiable_fact.mm2|UNCLASSIFIABLE_FACT
variable_priority.mm2|VARIABLE_SOURCE_PRIORITY
variable_relation_pattern.mm2|UNCLASSIFIABLE_PATTERN
