(edge brussels brussels)
(edge brussels istanbul)
(edge brussels london)
(edge brussels paris)
(edge brussels st-petersburg)
(edge istanbul brussels)
(edge istanbul istanbul)
(edge istanbul london)
(edge istanbul paris)
(edge istanbul st-petersburg)
(edge london brussels)
(edge london istanbul)
(edge london london)
(edge london paris)
(edge london st-petersburg)
(edge paris brussels)
(edge paris istanbul)
(edge paris london)
(edge paris paris)
(edge paris st-petersburg)
(edge st-petersburg brussels)
(edge st-petersburg istanbul)
(edge st-petersburg london)
(edge st-petersburg paris)
(edge st-petersburg st-petersburg)
(triangle brussels brussels brussels)
(triangle brussels brussels istanbul)
(triangle brussels brussels london)
(triangle brussels brussels paris)
(triangle brussels brussels st-petersburg)
(triangle brussels istanbul brussels)
(triangle brussels istanbul istanbul)
(triangle brussels istanbul london)
(triangle brussels istanbul paris)
(triangle brussels istanbul st-petersburg)
(triangle brussels london brussels)
(triangle brussels london istanbul)
(triangle brussels london london)
(triangle brussels london paris)
(triangle brussels london st-petersburg)
(triangle brussels paris brussels)
(triangle brussels paris istanbul)
(triangle brussels paris london)
(triangle brussels paris paris)
(triangle brussels paris st-petersburg)
(triangle brussels st-petersburg brussels)
(triangle brussels st-petersburg istanbul)
(triangle brussels st-petersburg london)
(triangle brussels st-petersburg paris)
(triangle brussels st-petersburg st-petersburg)
(triangle istanbul brussels brussels)
(triangle istanbul brussels istanbul)
(triangle istanbul brussels london)
(triangle istanbul brussels paris)
(triangle istanbul brussels st-petersburg)
(triangle istanbul istanbul brussels)
(triangle istanbul istanbul istanbul)
(triangle istanbul istanbul london)
(triangle istanbul istanbul paris)
(triangle istanbul istanbul st-petersburg)
(triangle istanbul london brussels)
(triangle istanbul london istanbul)
(triangle istanbul london london)
(triangle istanbul london paris)
(triangle istanbul london st-petersburg)
(triangle istanbul paris brussels)
(triangle istanbul paris istanbul)
(triangle istanbul paris london)
(triangle istanbul paris paris)
(triangle istanbul paris st-petersburg)
(triangle istanbul st-petersburg brussels)
(triangle istanbul st-petersburg istanbul)
(triangle istanbul st-petersburg london)
(triangle istanbul st-petersburg paris)
(triangle istanbul st-petersburg st-petersburg)
(triangle london brussels brussels)
(triangle london brussels istanbul)
(triangle london brussels london)
(triangle london brussels paris)
(triangle london brussels st-petersburg)
(triangle london istanbul brussels)
(triangle london istanbul istanbul)
(triangle london istanbul london)
(triangle london istanbul paris)
(triangle london istanbul st-petersburg)
(triangle london london brussels)
(triangle london london istanbul)
(triangle london london london)
(triangle london london paris)
(triangle london london st-petersburg)
(triangle london paris brussels)
(triangle london paris istanbul)
(triangle london paris london)
(triangle london paris paris)
(triangle london paris st-petersburg)
(triangle london st-petersburg brussels)
(triangle london st-petersburg istanbul)
(triangle london st-petersburg london)
(triangle london st-petersburg paris)
(triangle london st-petersburg st-petersburg)
(triangle paris brussels brussels)
(triangle paris brussels istanbul)
(triangle paris brussels london)
(triangle paris brussels paris)
(triangle paris brussels st-petersburg)
(triangle paris istanbul brussels)
(triangle paris istanbul istanbul)
(triangle paris istanbul london)
(triangle paris istanbul paris)
(triangle paris istanbul st-petersburg)
(triangle paris london brussels)
(triangle paris london istanbul)
(triangle paris london london)
(triangle paris london paris)
(triangle paris london st-petersburg)
(triangle paris paris brussels)
(triangle paris paris istanbul)
(triangle paris paris london)
(triangle paris paris paris)
(triangle paris paris st-petersburg)
(triangle paris st-petersburg brussels)
(triangle paris st-petersburg istanbul)
(triangle paris st-petersburg london)
(triangle paris st-petersburg paris)
(triangle paris st-petersburg st-petersburg)
(triangle st-petersburg brussels brussels)
(triangle st-petersburg brussels istanbul)
(triangle st-petersburg brussels london)
(triangle st-petersburg brussels paris)
(triangle st-petersburg brussels st-petersburg)
(triangle st-petersburg istanbul brussels)
(triangle st-petersburg istanbul istanbul)
(triangle st-petersburg istanbul london)
(triangle st-petersburg istanbul paris)
(triangle st-petersburg istanbul st-petersburg)
(triangle st-petersburg london brussels)
(triangle st-petersburg london istanbul)
(triangle st-petersburg london london)
(triangle st-petersburg london paris)
(triangle st-petersburg london st-petersburg)
(triangle st-petersburg paris brussels)
(triangle st-petersburg paris istanbul)
(triangle st-petersburg paris london)
(triangle st-petersburg paris paris)
(triangle st-petersburg paris st-petersburg)
(triangle st-petersburg st-petersburg brussels)
(triangle st-petersburg st-petersburg istanbul)
(triangle st-petersburg st-petersburg london)
(triangle st-petersburg st-petersburg paris)
(triangle st-petersburg st-petersburg st-petersburg)
