(poi Uru)
(poi Vic)
(male Bob)
(male Jim)
(male Tom)
(male Uru)
(male Xey)
(male Zac)
(other Ohm)
(female Ann)
(female Liz)
(female Pam)
(female Pat)
(female Vic)
(female Whu)
(female Yip)
(incest_victim Ohm)
(considered_incest (S (S (S Z))))
(considered_incest (S (S Z)))
(considered_incest (S Z))
(child Ann Bob)
(child Bob Pam)
(child Bob Tom)
(child Jim Pat)
(child Liz Tom)
(child Ohm Uru)
(child Ohm Vic)
(child Pat Bob)
(child Uru Xey)
(child Uru Yip)
(child Vic Whu)
(child Vic Zac)
(child Yip Moh)
(child Zac Moh)
(parent Bob Ann)
(parent Bob Pat)
(parent Moh Yip)
(parent Moh Zac)
(parent Pam Bob)
(parent Pat Jim)
(parent Tom Bob)
(parent Tom Liz)
(parent Uru Ohm)
(parent Vic Ohm)
(parent Whu Vic)
(parent Xey Uru)
(parent Yip Uru)
(parent Zac Vic)
(ancestor Uru Moh)
(ancestor Uru Xey)
(ancestor Uru Yip)
(ancestor Vic Moh)
(ancestor Vic Whu)
(ancestor Vic Zac)
(generation (S Z) Uru Moh)
(generation (S Z) Vic Moh)
(generation Z Uru Xey)
(generation Z Uru Yip)
(generation Z Vic Whu)
(generation Z Vic Zac)
