(predict loves_cool_as_ice)
(ctx-state (((. (loves_popcorn 0)) (loves_soda 1)) (((. (loves_popcorn 0)) (loves_soda 1)) (overweight 0))))
(ctx-state (((. (loves_popcorn 0)) (loves_soda 1)) (((. (loves_popcorn 0)) (loves_soda 1)) (overweight 1))))
(ctx-state (((. (loves_popcorn 0)) (loves_soda 1)) (((. (loves_popcorn 0)) (loves_soda 1)) (born_before_1990 0))))
(ctx-state (((. (loves_popcorn 0)) (loves_soda 1)) (((. (loves_popcorn 0)) (loves_soda 1)) (born_before_1990 1))))
(ctx-state (((. (loves_popcorn 1)) (overweight 0)) (((. (loves_popcorn 1)) (overweight 0)) (loves_soda 0))))
(ctx-state (((. (loves_popcorn 1)) (overweight 0)) (((. (loves_popcorn 1)) (overweight 0)) (loves_soda 1))))
(ctx-state (((. (loves_popcorn 1)) (overweight 0)) (((. (loves_popcorn 1)) (overweight 0)) (born_before_1990 0))))
(ctx-state (((. (loves_popcorn 1)) (overweight 0)) (((. (loves_popcorn 1)) (overweight 0)) (born_before_1990 1))))
(ctx-state (((. (loves_popcorn 1)) (overweight 1)) (((. (loves_popcorn 1)) (overweight 1)) (born_before_1990 0))))
(ctx-state (((. (loves_popcorn 1)) (overweight 1)) (((. (loves_popcorn 1)) (overweight 1)) (born_before_1990 1))))
(ctx-state ((. (loves_popcorn 0)) ((. (loves_popcorn 0)) (loves_soda 0))))
(population (-> ($a $b) (sum_i32 $a $b)))
(not-predict loves_soda)
(not-predict overweight)
(not-predict loves_popcorn)
(not-predict born_before_1990)
(order-state (loves_soda born_before_1990))
(order-state (overweight born_before_1990))
(order-state (loves_popcorn born_before_1990))
(order-state (loves_cool_as_ice born_before_1990))
(type_witness gini_impurity)
(type_witness total_gini_impurity)
(gini_impurity (-> ($a $b) (sub_f64 (sub_f64 (f64_from_string 1.0) (powi_f64 (div_f64 (i32_as_f64 $a) (i32_as_f64 (sum_i32 $a $b))) (i32_from_string 2))) (powi_f64 (div_f64 (i32_as_f64 $b) (i32_as_f64 (sum_i32 $a $b))) (i32_from_string 2)))))
(fract-pop-square (-> ($a $b) (powi_f64 (div_f64 (i32_as_f64 $a) (i32_as_f64 $b)) (i32_from_string 2))))
(total_gini_impurity (-> (($a $b) ($c $d)) (sum_f64 (product_f64 (div_f64 (i32_as_f64 (sum_i32 $a $b)) (i32_as_f64 (sum_i32 (sum_i32 $a $b) (sum_i32 $c $d)))) (sub_f64 (sub_f64 (f64_from_string 1.0) (powi_f64 (div_f64 (i32_as_f64 $a) (i32_as_f64 (sum_i32 $a $b))) (i32_from_string 2))) (powi_f64 (div_f64 (i32_as_f64 $b) (i32_as_f64 (sum_i32 $a $b))) (i32_from_string 2)))) (product_f64 (div_f64 (i32_as_f64 (sum_i32 $c $d)) (i32_as_f64 (sum_i32 (sum_i32 $a $b) (sum_i32 $c $d)))) (sub_f64 (sub_f64 (f64_from_string 1.0) (powi_f64 (div_f64 (i32_as_f64 $c) (i32_as_f64 (sum_i32 $c $d))) (i32_from_string 2))) (powi_f64 (div_f64 (i32_as_f64 $d) (i32_as_f64 (sum_i32 $c $d))) (i32_from_string 2)))))))
(: population (-> (i32 i32) i32))
(: gini_impurity (-> (i32 i32) f64))
(: fract-pop-square (-> (i32 i32) f64))
(: total_gini_impurity (-> ((i32 i32) (i32 i32)) f64))
(data 0 (1 1 1 0 0))
(data 1 (1 0 1 0 0))
(data 2 (0 1 1 0 1))
(data 3 (0 1 0 1 1))
(data 4 (1 1 0 1 1))
(data 5 (1 0 0 0 0))
(data 6 (0 0 0 1 0))
(data 7 (0 0 1 1 1))
(data 8 (0 1 1 1 1))
(data 9 (0 1 1 1 0))
(data 10 (1 1 1 1 0))
(data 11 (1 0 1 1 0))
(data 12 (1 0 1 1 1))
(data 13 (0 0 1 1 0))
(data 14 (1 1 1 0 0))
(order loves_soda overweight)
(order loves_soda loves_popcorn)
(order loves_soda born_before_1990)
(order overweight loves_popcorn)
(order overweight born_before_1990)
(order loves_popcorn born_before_1990)
(order loves_cool_as_ice loves_soda)
(order loves_cool_as_ice overweight)
(order loves_cool_as_ice loves_popcorn)
(order loves_cool_as_ice born_before_1990)
(YES_NO NO 0)
(YES_NO YES 1)
(columns id (loves_popcorn loves_soda born_before_1990 overweight loves_cool_as_ice))
(distinct loves_soda overweight)
(distinct loves_soda loves_popcorn)
(distinct loves_soda born_before_1990)
(distinct loves_soda loves_cool_as_ice)
(distinct overweight loves_soda)
(distinct overweight loves_popcorn)
(distinct overweight born_before_1990)
(distinct overweight loves_cool_as_ice)
(distinct loves_popcorn loves_soda)
(distinct loves_popcorn overweight)
(distinct loves_popcorn born_before_1990)
(distinct loves_popcorn loves_cool_as_ice)
(distinct born_before_1990 loves_soda)
(distinct born_before_1990 overweight)
(distinct born_before_1990 loves_popcorn)
(distinct born_before_1990 loves_cool_as_ice)
(distinct loves_cool_as_ice loves_soda)
(distinct loves_cool_as_ice overweight)
(distinct loves_cool_as_ice loves_popcorn)
(distinct loves_cool_as_ice born_before_1990)
(NOT_YES_NO NO YES)
(NOT_YES_NO YES NO)
(mk_gini_impurity (, (type_witness gini_impurity) (population (-> ($a $b) $c)) (fract-pop-square (-> ($a $c) $d)) (fract-pop-square (-> ($b $c) $e))) (, (gini_impurity (-> ($a $b) (sub_f64 (sub_f64 (f64_from_string 1.0) $d) $e)))))
(records-to-predict (ctx (((. (loves_popcorn 0)) (loves_soda 1)) (overweight 0))) (id 2))
(records-to-predict (ctx (((. (loves_popcorn 0)) (loves_soda 1)) (overweight 1))) (id 3))
(records-to-predict (ctx (((. (loves_popcorn 0)) (loves_soda 1)) (overweight 1))) (id 8))
(records-to-predict (ctx (((. (loves_popcorn 0)) (loves_soda 1)) (overweight 1))) (id 9))
(records-to-predict (ctx (((. (loves_popcorn 0)) (loves_soda 1)) (born_before_1990 0))) (id 3))
(records-to-predict (ctx (((. (loves_popcorn 0)) (loves_soda 1)) (born_before_1990 1))) (id 2))
(records-to-predict (ctx (((. (loves_popcorn 0)) (loves_soda 1)) (born_before_1990 1))) (id 8))
(records-to-predict (ctx (((. (loves_popcorn 0)) (loves_soda 1)) (born_before_1990 1))) (id 9))
(records-to-predict (ctx (((. (loves_popcorn 1)) (overweight 0)) (loves_soda 0))) (id 1))
(records-to-predict (ctx (((. (loves_popcorn 1)) (overweight 0)) (loves_soda 0))) (id 5))
(records-to-predict (ctx (((. (loves_popcorn 1)) (overweight 0)) (loves_soda 1))) (id 0))
(records-to-predict (ctx (((. (loves_popcorn 1)) (overweight 0)) (loves_soda 1))) (id 14))
(records-to-predict (ctx (((. (loves_popcorn 1)) (overweight 0)) (born_before_1990 0))) (id 5))
(records-to-predict (ctx (((. (loves_popcorn 1)) (overweight 0)) (born_before_1990 1))) (id 0))
(records-to-predict (ctx (((. (loves_popcorn 1)) (overweight 0)) (born_before_1990 1))) (id 1))
(records-to-predict (ctx (((. (loves_popcorn 1)) (overweight 0)) (born_before_1990 1))) (id 14))
(records-to-predict (ctx (((. (loves_popcorn 1)) (overweight 1)) (born_before_1990 0))) (id 4))
(records-to-predict (ctx (((. (loves_popcorn 1)) (overweight 1)) (born_before_1990 1))) (id 10))
(records-to-predict (ctx (((. (loves_popcorn 1)) (overweight 1)) (born_before_1990 1))) (id 11))
(records-to-predict (ctx (((. (loves_popcorn 1)) (overweight 1)) (born_before_1990 1))) (id 12))
(records-to-predict (ctx ((. (loves_popcorn 0)) (loves_soda 0))) (id 6))
(records-to-predict (ctx ((. (loves_popcorn 0)) (loves_soda 0))) (id 7))
(records-to-predict (ctx ((. (loves_popcorn 0)) (loves_soda 0))) (id 13))
(mk_total_gini_impurity (, (type_witness total_gini_impurity) (population (-> $a $b)) (population (-> $c $d)) (population (-> ($b $d) $e)) (gini_impurity (-> $a $f)) (gini_impurity (-> $c $g))) (, (total_gini_impurity (-> ($a $c) (sum_f64 (product_f64 (div_f64 (i32_as_f64 $b) (i32_as_f64 $e)) $f) (product_f64 (div_f64 (i32_as_f64 $d) (i32_as_f64 $e)) $g))))))
((ctx (((. (loves_popcorn 0)) (loves_soda 1)) (overweight 0))) total_gini_impurity_choice_chain loves_cool_as_ice loves_cool_as_ice)
((ctx (((. (loves_popcorn 0)) (loves_soda 1)) (overweight 1))) total_gini_impurity_choice_chain loves_cool_as_ice loves_cool_as_ice)
((ctx (((. (loves_popcorn 0)) (loves_soda 1)) (born_before_1990 0))) total_gini_impurity_choice_chain loves_cool_as_ice loves_cool_as_ice)
((ctx (((. (loves_popcorn 0)) (loves_soda 1)) (born_before_1990 1))) total_gini_impurity_choice_chain loves_cool_as_ice loves_cool_as_ice)
((ctx (((. (loves_popcorn 1)) (overweight 0)) (loves_soda 0))) total_gini_impurity_choice_chain loves_cool_as_ice loves_cool_as_ice)
((ctx (((. (loves_popcorn 1)) (overweight 0)) (loves_soda 1))) total_gini_impurity_choice_chain loves_cool_as_ice loves_cool_as_ice)
((ctx (((. (loves_popcorn 1)) (overweight 0)) (born_before_1990 0))) total_gini_impurity_choice_chain loves_cool_as_ice loves_cool_as_ice)
((ctx (((. (loves_popcorn 1)) (overweight 0)) (born_before_1990 1))) total_gini_impurity_choice_chain loves_cool_as_ice loves_cool_as_ice)
((ctx (((. (loves_popcorn 1)) (overweight 1)) (born_before_1990 0))) total_gini_impurity_choice_chain loves_cool_as_ice loves_cool_as_ice)
((ctx (((. (loves_popcorn 1)) (overweight 1)) (born_before_1990 1))) total_gini_impurity_choice_chain loves_cool_as_ice loves_cool_as_ice)
((ctx ((. (loves_popcorn 0)) (loves_soda 0))) total_gini_impurity_choice_chain loves_cool_as_ice loves_cool_as_ice)
((ctx ((. (loves_popcorn 0)) (loves_soda 1))) total_gini_impurity_choice_chain loves_cool_as_ice overweight)
((ctx ((. (loves_popcorn 0)) (loves_soda 1))) total_gini_impurity_choice_chain loves_cool_as_ice born_before_1990)
((ctx ((. (loves_popcorn 1)) (overweight 0))) total_gini_impurity_choice_chain loves_cool_as_ice loves_soda)
((ctx ((. (loves_popcorn 1)) (overweight 0))) total_gini_impurity_choice_chain loves_cool_as_ice born_before_1990)
((ctx ((. (loves_popcorn 1)) (overweight 1))) total_gini_impurity_choice_chain loves_cool_as_ice born_before_1990)
((ctx (. (loves_popcorn 0))) total_gini_impurity_choice_chain loves_cool_as_ice loves_soda)
((ctx (. (loves_popcorn 1))) total_gini_impurity_choice_chain loves_cool_as_ice overweight)
((ctx .) total_gini_impurity_choice_chain loves_cool_as_ice loves_popcorn)
(col-id-val loves_soda (id 0) 1)
(col-id-val loves_soda (id 1) 0)
(col-id-val loves_soda (id 2) 1)
(col-id-val loves_soda (id 3) 1)
(col-id-val loves_soda (id 4) 1)
(col-id-val loves_soda (id 5) 0)
(col-id-val loves_soda (id 6) 0)
(col-id-val loves_soda (id 7) 0)
(col-id-val loves_soda (id 8) 1)
(col-id-val loves_soda (id 9) 1)
(col-id-val loves_soda (id 10) 1)
(col-id-val loves_soda (id 11) 0)
(col-id-val loves_soda (id 12) 0)
(col-id-val loves_soda (id 13) 0)
(col-id-val loves_soda (id 14) 1)
(col-id-val overweight (id 0) 0)
(col-id-val overweight (id 1) 0)
(col-id-val overweight (id 2) 0)
(col-id-val overweight (id 3) 1)
(col-id-val overweight (id 4) 1)
(col-id-val overweight (id 5) 0)
(col-id-val overweight (id 6) 1)
(col-id-val overweight (id 7) 1)
(col-id-val overweight (id 8) 1)
(col-id-val overweight (id 9) 1)
(col-id-val overweight (id 10) 1)
(col-id-val overweight (id 11) 1)
(col-id-val overweight (id 12) 1)
(col-id-val overweight (id 13) 1)
(col-id-val overweight (id 14) 0)
(col-id-val loves_popcorn (id 0) 1)
(col-id-val loves_popcorn (id 1) 1)
(col-id-val loves_popcorn (id 2) 0)
(col-id-val loves_popcorn (id 3) 0)
(col-id-val loves_popcorn (id 4) 1)
(col-id-val loves_popcorn (id 5) 1)
(col-id-val loves_popcorn (id 6) 0)
(col-id-val loves_popcorn (id 7) 0)
(col-id-val loves_popcorn (id 8) 0)
(col-id-val loves_popcorn (id 9) 0)
(col-id-val loves_popcorn (id 10) 1)
(col-id-val loves_popcorn (id 11) 1)
(col-id-val loves_popcorn (id 12) 1)
(col-id-val loves_popcorn (id 13) 0)
(col-id-val loves_popcorn (id 14) 1)
(col-id-val born_before_1990 (id 0) 1)
(col-id-val born_before_1990 (id 1) 1)
(col-id-val born_before_1990 (id 2) 1)
(col-id-val born_before_1990 (id 3) 0)
(col-id-val born_before_1990 (id 4) 0)
(col-id-val born_before_1990 (id 5) 0)
(col-id-val born_before_1990 (id 6) 0)
(col-id-val born_before_1990 (id 7) 1)
(col-id-val born_before_1990 (id 8) 1)
(col-id-val born_before_1990 (id 9) 1)
(col-id-val born_before_1990 (id 10) 1)
(col-id-val born_before_1990 (id 11) 1)
(col-id-val born_before_1990 (id 12) 1)
(col-id-val born_before_1990 (id 13) 1)
(col-id-val born_before_1990 (id 14) 1)
(col-id-val loves_cool_as_ice (id 0) 0)
(col-id-val loves_cool_as_ice (id 1) 0)
(col-id-val loves_cool_as_ice (id 2) 1)
(col-id-val loves_cool_as_ice (id 3) 1)
(col-id-val loves_cool_as_ice (id 4) 1)
(col-id-val loves_cool_as_ice (id 5) 0)
(col-id-val loves_cool_as_ice (id 6) 0)
(col-id-val loves_cool_as_ice (id 7) 1)
(col-id-val loves_cool_as_ice (id 8) 1)
(col-id-val loves_cool_as_ice (id 9) 0)
(col-id-val loves_cool_as_ice (id 10) 0)
(col-id-val loves_cool_as_ice (id 11) 0)
(col-id-val loves_cool_as_ice (id 12) 1)
(col-id-val loves_cool_as_ice (id 13) 0)
(col-id-val loves_cool_as_ice (id 14) 0)
(type_check gini_impurity (, (: population (-> ($a $b) $c)) (: fract-pop-square (-> ($a $c) f64)) (: fract-pop-square (-> ($b $c) f64))) (, (: gini_impurity (-> (i32 i32) f64)) (type_witness gini_impurity)))
(type_check total_gini_impurity (, (: population (-> $a i32)) (: gini_impurity (-> $a f64))) (, (: total_gini_impurity (-> ($a $a) f64)) (type_witness total_gini_impurity)))
(Final-ctx-state loves_cool_as_ice (ctx .) -> loves_popcorn)
(Final (Predict loves_cool_as_ice) (ctx (((. (loves_popcorn 0)) (loves_soda 1)) (overweight 0))) -> loves_cool_as_ice | (YES 1.0 NO 0.0))
(Final (Predict loves_cool_as_ice) (ctx (((. (loves_popcorn 0)) (loves_soda 1)) (overweight 1))) -> loves_cool_as_ice | (YES 0.6666666666666666 NO 0.3333333333333333))
(Final (Predict loves_cool_as_ice) (ctx (((. (loves_popcorn 0)) (loves_soda 1)) (born_before_1990 0))) -> loves_cool_as_ice | (YES 1.0 NO 0.0))
(Final (Predict loves_cool_as_ice) (ctx (((. (loves_popcorn 0)) (loves_soda 1)) (born_before_1990 1))) -> loves_cool_as_ice | (YES 0.6666666666666666 NO 0.3333333333333333))
(Final (Predict loves_cool_as_ice) (ctx (((. (loves_popcorn 1)) (overweight 0)) (loves_soda 0))) -> loves_cool_as_ice | (YES 0.0 NO 1.0))
(Final (Predict loves_cool_as_ice) (ctx (((. (loves_popcorn 1)) (overweight 0)) (loves_soda 1))) -> loves_cool_as_ice | (YES 0.0 NO 1.0))
(Final (Predict loves_cool_as_ice) (ctx (((. (loves_popcorn 1)) (overweight 0)) (born_before_1990 0))) -> loves_cool_as_ice | (YES 0.0 NO 1.0))
(Final (Predict loves_cool_as_ice) (ctx (((. (loves_popcorn 1)) (overweight 0)) (born_before_1990 1))) -> loves_cool_as_ice | (YES 0.0 NO 1.0))
(Final (Predict loves_cool_as_ice) (ctx (((. (loves_popcorn 1)) (overweight 1)) (born_before_1990 0))) -> loves_cool_as_ice | (YES 1.0 NO 0.0))
(Final (Predict loves_cool_as_ice) (ctx (((. (loves_popcorn 1)) (overweight 1)) (born_before_1990 1))) -> loves_cool_as_ice | (YES 0.3333333333333333 NO 0.6666666666666666))
(Final (Predict loves_cool_as_ice) (ctx ((. (loves_popcorn 0)) (loves_soda 0))) -> loves_cool_as_ice | (YES 0.3333333333333333 NO 0.6666666666666666))
(Final (Predict loves_cool_as_ice) (ctx ((. (loves_popcorn 0)) (loves_soda 1))) -> overweight | (YES 0.75 NO 0.25))
(Final (Predict loves_cool_as_ice) (ctx ((. (loves_popcorn 0)) (loves_soda 1))) -> born_before_1990 | (YES 0.75 NO 0.25))
(Final (Predict loves_cool_as_ice) (ctx ((. (loves_popcorn 1)) (overweight 0))) -> loves_soda | (YES 0.0 NO 1.0))
(Final (Predict loves_cool_as_ice) (ctx ((. (loves_popcorn 1)) (overweight 0))) -> born_before_1990 | (YES 0.0 NO 1.0))
(Final (Predict loves_cool_as_ice) (ctx ((. (loves_popcorn 1)) (overweight 1))) -> born_before_1990 | (YES 0.5 NO 0.5))
(Final (Predict loves_cool_as_ice) (ctx (. (loves_popcorn 0))) -> loves_soda | (YES 0.5714285714285714 NO 0.42857142857142855))
(Final (Predict loves_cool_as_ice) (ctx (. (loves_popcorn 1))) -> overweight | (YES 0.25 NO 0.75))
(Predict Original Dataset (Prediction loves_cool_as_ice) (id 0) (Guess (NO 100.0 %)) (Actual NO) (trail (((. (loves_popcorn 1)) (overweight 0)) (loves_soda 1))))
(Predict Original Dataset (Prediction loves_cool_as_ice) (id 0) (Guess (NO 100.0 %)) (Actual NO) (trail (((. (loves_popcorn 1)) (overweight 0)) (born_before_1990 1))))
(Predict Original Dataset (Prediction loves_cool_as_ice) (id 1) (Guess (NO 100.0 %)) (Actual NO) (trail (((. (loves_popcorn 1)) (overweight 0)) (loves_soda 0))))
(Predict Original Dataset (Prediction loves_cool_as_ice) (id 1) (Guess (NO 100.0 %)) (Actual NO) (trail (((. (loves_popcorn 1)) (overweight 0)) (born_before_1990 1))))
(Predict Original Dataset (Prediction loves_cool_as_ice) (id 2) (Guess (YES 100.0 %)) (Actual YES) (trail (((. (loves_popcorn 0)) (loves_soda 1)) (overweight 0))))
(Predict Original Dataset (Prediction loves_cool_as_ice) (id 2) (Guess (YES 66.66666666666666 %)) (Actual YES) (trail (((. (loves_popcorn 0)) (loves_soda 1)) (born_before_1990 1))))
(Predict Original Dataset (Prediction loves_cool_as_ice) (id 3) (Guess (YES 100.0 %)) (Actual YES) (trail (((. (loves_popcorn 0)) (loves_soda 1)) (born_before_1990 0))))
(Predict Original Dataset (Prediction loves_cool_as_ice) (id 3) (Guess (YES 66.66666666666666 %)) (Actual YES) (trail (((. (loves_popcorn 0)) (loves_soda 1)) (overweight 1))))
(Predict Original Dataset (Prediction loves_cool_as_ice) (id 4) (Guess (YES 100.0 %)) (Actual YES) (trail (((. (loves_popcorn 1)) (overweight 1)) (born_before_1990 0))))
(Predict Original Dataset (Prediction loves_cool_as_ice) (id 5) (Guess (NO 100.0 %)) (Actual NO) (trail (((. (loves_popcorn 1)) (overweight 0)) (loves_soda 0))))
(Predict Original Dataset (Prediction loves_cool_as_ice) (id 5) (Guess (NO 100.0 %)) (Actual NO) (trail (((. (loves_popcorn 1)) (overweight 0)) (born_before_1990 0))))
(Predict Original Dataset (Prediction loves_cool_as_ice) (id 6) (Guess (NO 66.66666666666666 %)) (Actual NO) (trail ((. (loves_popcorn 0)) (loves_soda 0))))
(Predict Original Dataset (Prediction loves_cool_as_ice) (id 7) (Guess (NO 66.66666666666666 %)) (Actual YES) (trail ((. (loves_popcorn 0)) (loves_soda 0))))
(Predict Original Dataset (Prediction loves_cool_as_ice) (id 8) (Guess (YES 66.66666666666666 %)) (Actual YES) (trail (((. (loves_popcorn 0)) (loves_soda 1)) (overweight 1))))
(Predict Original Dataset (Prediction loves_cool_as_ice) (id 8) (Guess (YES 66.66666666666666 %)) (Actual YES) (trail (((. (loves_popcorn 0)) (loves_soda 1)) (born_before_1990 1))))
(Predict Original Dataset (Prediction loves_cool_as_ice) (id 9) (Guess (YES 66.66666666666666 %)) (Actual NO) (trail (((. (loves_popcorn 0)) (loves_soda 1)) (overweight 1))))
(Predict Original Dataset (Prediction loves_cool_as_ice) (id 9) (Guess (YES 66.66666666666666 %)) (Actual NO) (trail (((. (loves_popcorn 0)) (loves_soda 1)) (born_before_1990 1))))
(Predict Original Dataset (Prediction loves_cool_as_ice) (id 10) (Guess (NO 66.66666666666666 %)) (Actual NO) (trail (((. (loves_popcorn 1)) (overweight 1)) (born_before_1990 1))))
(Predict Original Dataset (Prediction loves_cool_as_ice) (id 11) (Guess (NO 66.66666666666666 %)) (Actual NO) (trail (((. (loves_popcorn 1)) (overweight 1)) (born_before_1990 1))))
(Predict Original Dataset (Prediction loves_cool_as_ice) (id 12) (Guess (NO 66.66666666666666 %)) (Actual YES) (trail (((. (loves_popcorn 1)) (overweight 1)) (born_before_1990 1))))
(Predict Original Dataset (Prediction loves_cool_as_ice) (id 13) (Guess (NO 66.66666666666666 %)) (Actual NO) (trail ((. (loves_popcorn 0)) (loves_soda 0))))
(Predict Original Dataset (Prediction loves_cool_as_ice) (id 14) (Guess (NO 100.0 %)) (Actual NO) (trail (((. (loves_popcorn 1)) (overweight 0)) (loves_soda 1))))
(Predict Original Dataset (Prediction loves_cool_as_ice) (id 14) (Guess (NO 100.0 %)) (Actual NO) (trail (((. (loves_popcorn 1)) (overweight 0)) (born_before_1990 1))))
