((phase $a) (, (parity $b $a) (succ $b $c) (A $b $d) (A $c $e) (lt $e $d)) (O (- (A $b $d)) (- (A $c $e)) (+ (A $b $e)) (+ (A $c $d))))
(A 0 A)
(A 1 B)
(A 2 C)
(A 3 D)
(A 4 E)
(lt A B)
(lt A C)
(lt A D)
(lt A E)
(lt B C)
(lt B D)
(lt B E)
(lt C D)
(lt C E)
(lt D E)
(succ 0 1)
(succ 1 2)
(succ 2 3)
(succ 3 4)
(succ 4 5)
(phase 0 odd)
(phase 1 even)
(parity 0 even)
(parity 1 odd)
(parity 2 even)
(parity 3 odd)
(parity 4 even)
