(std (get ($a) 0 $a))
(std (get ($a $b) 0 $a))
(std (get ($a $b) 1 $b))
(std (get ($a $b $c) 0 $a))
(std (get ($a $b $c) 1 $b))
(std (get ($a $b $c) 2 $c))
(std (get ($a $b $c $d) 0 $a))
(std (get ($a $b $c $d) 1 $b))
(std (get ($a $b $c $d) 2 $c))
(std (get ($a $b $c $d) 3 $d))
(std (get ($a $b $c $d $e) 0 $a))
(std (get ($a $b $c $d $e) 1 $b))
(std (get ($a $b $c $d $e) 2 $c))
(std (get ($a $b $c $d $e) 3 $d))
(std (get ($a $b $c $d $e) 4 $e))
(std (get ($a $b $c $d $e $f) 0 $a))
(std (get ($a $b $c $d $e $f) 1 $b))
(std (get ($a $b $c $d $e $f) 2 $c))
(std (get ($a $b $c $d $e $f) 3 $d))
(std (get ($a $b $c $d $e $f) 4 $e))
(std (get ($a $b $c $d $e $f) 5 $f))
(std (get ($a $b $c $d $e $f $g) 0 $a))
(std (get ($a $b $c $d $e $f $g) 1 $b))
(std (get ($a $b $c $d $e $f $g) 2 $c))
(std (get ($a $b $c $d $e $f $g) 3 $d))
(std (get ($a $b $c $d $e $f $g) 4 $e))
(std (get ($a $b $c $d $e $f $g) 5 $f))
(std (get ($a $b $c $d $e $f $g) 6 $g))
(std (get ($a $b $c $d $e $f $g $h) 0 $a))
(std (get ($a $b $c $d $e $f $g $h) 1 $b))
(std (get ($a $b $c $d $e $f $g $h) 2 $c))
(std (get ($a $b $c $d $e $f $g $h) 3 $d))
(std (get ($a $b $c $d $e $f $g $h) 4 $e))
(std (get ($a $b $c $d $e $f $g $h) 5 $f))
(std (get ($a $b $c $d $e $f $g $h) 6 $g))
(std (get ($a $b $c $d $e $f $g $h) 7 $h))
(std (get ($a $b $c $d $e $f $g $h $i) 0 $a))
(std (get ($a $b $c $d $e $f $g $h $i) 1 $b))
(std (get ($a $b $c $d $e $f $g $h $i) 2 $c))
(std (get ($a $b $c $d $e $f $g $h $i) 3 $d))
(std (get ($a $b $c $d $e $f $g $h $i) 4 $e))
(std (get ($a $b $c $d $e $f $g $h $i) 5 $f))
(std (get ($a $b $c $d $e $f $g $h $i) 6 $g))
(std (get ($a $b $c $d $e $f $g $h $i) 7 $h))
(std (get ($a $b $c $d $e $f $g $h $i) 8 $i))
(std (get ($a $b $c $d $e $f $g $h $i $j) 0 $a))
(std (get ($a $b $c $d $e $f $g $h $i $j) 1 $b))
(std (get ($a $b $c $d $e $f $g $h $i $j) 2 $c))
(std (get ($a $b $c $d $e $f $g $h $i $j) 3 $d))
(std (get ($a $b $c $d $e $f $g $h $i $j) 4 $e))
(std (get ($a $b $c $d $e $f $g $h $i $j) 5 $f))
(std (get ($a $b $c $d $e $f $g $h $i $j) 6 $g))
(std (get ($a $b $c $d $e $f $g $h $i $j) 7 $h))
(std (get ($a $b $c $d $e $f $g $h $i $j) 8 $i))
(std (get ($a $b $c $d $e $f $g $h $i $j) 9 $j))
(std (get ($a $b $c $d $e $f $g $h $i $j $x10) 0 $a))
(std (get ($a $b $c $d $e $f $g $h $i $j $x10) 1 $b))
(std (get ($a $b $c $d $e $f $g $h $i $j $x10) 2 $c))
(std (get ($a $b $c $d $e $f $g $h $i $j $x10) 3 $d))
(std (get ($a $b $c $d $e $f $g $h $i $j $x10) 4 $e))
(std (get ($a $b $c $d $e $f $g $h $i $j $x10) 5 $f))
(std (get ($a $b $c $d $e $f $g $h $i $j $x10) 6 $g))
(std (get ($a $b $c $d $e $f $g $h $i $j $x10) 7 $h))
(std (get ($a $b $c $d $e $f $g $h $i $j $x10) 8 $i))
(std (get ($a $b $c $d $e $f $g $h $i $j $x10) 9 $j))
(std (get ($a $b $c $d $e $f $g $h $i $j $x10) 10 $x10))
(std (get ($a $b $c $d $e $f $g $h $i $j $x10 $x11) 0 $a))
(std (get ($a $b $c $d $e $f $g $h $i $j $x10 $x11) 1 $b))
(std (get ($a $b $c $d $e $f $g $h $i $j $x10 $x11) 2 $c))
(std (get ($a $b $c $d $e $f $g $h $i $j $x10 $x11) 3 $d))
(std (get ($a $b $c $d $e $f $g $h $i $j $x10 $x11) 4 $e))
(std (get ($a $b $c $d $e $f $g $h $i $j $x10 $x11) 5 $f))
(std (get ($a $b $c $d $e $f $g $h $i $j $x10 $x11) 6 $g))
(std (get ($a $b $c $d $e $f $g $h $i $j $x10 $x11) 7 $h))
(std (get ($a $b $c $d $e $f $g $h $i $j $x10 $x11) 8 $i))
(std (get ($a $b $c $d $e $f $g $h $i $j $x10 $x11) 9 $j))
(std (get ($a $b $c $d $e $f $g $h $i $j $x10 $x11) 10 $x10))
(std (get ($a $b $c $d $e $f $g $h $i $j $x10 $x11) 11 $x11))
(std (get ($a $b $c $d $e $f $g $h $i $j $x10 $x11 $x12) 0 $a))
(std (get ($a $b $c $d $e $f $g $h $i $j $x10 $x11 $x12) 1 $b))
(std (get ($a $b $c $d $e $f $g $h $i $j $x10 $x11 $x12) 2 $c))
(std (get ($a $b $c $d $e $f $g $h $i $j $x10 $x11 $x12) 3 $d))
(std (get ($a $b $c $d $e $f $g $h $i $j $x10 $x11 $x12) 4 $e))
(std (get ($a $b $c $d $e $f $g $h $i $j $x10 $x11 $x12) 5 $f))
(std (get ($a $b $c $d $e $f $g $h $i $j $x10 $x11 $x12) 6 $g))
(std (get ($a $b $c $d $e $f $g $h $i $j $x10 $x11 $x12) 7 $h))
(std (get ($a $b $c $d $e $f $g $h $i $j $x10 $x11 $x12) 8 $i))
(std (get ($a $b $c $d $e $f $g $h $i $j $x10 $x11 $x12) 9 $j))
(std (get ($a $b $c $d $e $f $g $h $i $j $x10 $x11 $x12) 10 $x10))
(std (get ($a $b $c $d $e $f $g $h $i $j $x10 $x11 $x12) 11 $x11))
(std (get ($a $b $c $d $e $f $g $h $i $j $x10 $x11 $x12) 12 $x12))
(std (get ($a $b $c $d $e $f $g $h $i $j $x10 $x11 $x12 $x13) 0 $a))
(std (get ($a $b $c $d $e $f $g $h $i $j $x10 $x11 $x12 $x13) 1 $b))
(std (get ($a $b $c $d $e $f $g $h $i $j $x10 $x11 $x12 $x13) 2 $c))
(std (get ($a $b $c $d $e $f $g $h $i $j $x10 $x11 $x12 $x13) 3 $d))
(std (get ($a $b $c $d $e $f $g $h $i $j $x10 $x11 $x12 $x13) 4 $e))
(std (get ($a $b $c $d $e $f $g $h $i $j $x10 $x11 $x12 $x13) 5 $f))
(std (get ($a $b $c $d $e $f $g $h $i $j $x10 $x11 $x12 $x13) 6 $g))
(std (get ($a $b $c $d $e $f $g $h $i $j $x10 $x11 $x12 $x13) 7 $h))
(std (get ($a $b $c $d $e $f $g $h $i $j $x10 $x11 $x12 $x13) 8 $i))
(std (get ($a $b $c $d $e $f $g $h $i $j $x10 $x11 $x12 $x13) 9 $j))
(std (get ($a $b $c $d $e $f $g $h $i $j $x10 $x11 $x12 $x13) 10 $x10))
(std (get ($a $b $c $d $e $f $g $h $i $j $x10 $x11 $x12 $x13) 11 $x11))
(std (get ($a $b $c $d $e $f $g $h $i $j $x10 $x11 $x12 $x13) 12 $x12))
(std (get ($a $b $c $d $e $f $g $h $i $j $x10 $x11 $x12 $x13) 13 $x13))
(std (get ($a $b $c $d $e $f $g $h $i $j $x10 $x11 $x12 $x13 $x14) 0 $a))
(std (get ($a $b $c $d $e $f $g $h $i $j $x10 $x11 $x12 $x13 $x14) 1 $b))
(std (get ($a $b $c $d $e $f $g $h $i $j $x10 $x11 $x12 $x13 $x14) 2 $c))
(std (get ($a $b $c $d $e $f $g $h $i $j $x10 $x11 $x12 $x13 $x14) 3 $d))
(std (get ($a $b $c $d $e $f $g $h $i $j $x10 $x11 $x12 $x13 $x14) 4 $e))
(std (get ($a $b $c $d $e $f $g $h $i $j $x10 $x11 $x12 $x13 $x14) 5 $f))
(std (get ($a $b $c $d $e $f $g $h $i $j $x10 $x11 $x12 $x13 $x14) 6 $g))
(std (get ($a $b $c $d $e $f $g $h $i $j $x10 $x11 $x12 $x13 $x14) 7 $h))
(std (get ($a $b $c $d $e $f $g $h $i $j $x10 $x11 $x12 $x13 $x14) 8 $i))
(std (get ($a $b $c $d $e $f $g $h $i $j $x10 $x11 $x12 $x13 $x14) 9 $j))
(std (get ($a $b $c $d $e $f $g $h $i $j $x10 $x11 $x12 $x13 $x14) 10 $x10))
(std (get ($a $b $c $d $e $f $g $h $i $j $x10 $x11 $x12 $x13 $x14) 11 $x11))
(std (get ($a $b $c $d $e $f $g $h $i $j $x10 $x11 $x12 $x13 $x14) 12 $x12))
(std (get ($a $b $c $d $e $f $g $h $i $j $x10 $x11 $x12 $x13 $x14) 13 $x13))
(std (get ($a $b $c $d $e $f $g $h $i $j $x10 $x11 $x12 $x13 $x14) 14 $x14))
(std (get ($a $b $c $d $e $f $g $h $i $j $x10 $x11 $x12 $x13 $x14 $x15) 0 $a))
(std (get ($a $b $c $d $e $f $g $h $i $j $x10 $x11 $x12 $x13 $x14 $x15) 1 $b))
(std (get ($a $b $c $d $e $f $g $h $i $j $x10 $x11 $x12 $x13 $x14 $x15) 2 $c))
(std (get ($a $b $c $d $e $f $g $h $i $j $x10 $x11 $x12 $x13 $x14 $x15) 3 $d))
(std (get ($a $b $c $d $e $f $g $h $i $j $x10 $x11 $x12 $x13 $x14 $x15) 4 $e))
(std (get ($a $b $c $d $e $f $g $h $i $j $x10 $x11 $x12 $x13 $x14 $x15) 5 $f))
(std (get ($a $b $c $d $e $f $g $h $i $j $x10 $x11 $x12 $x13 $x14 $x15) 6 $g))
(std (get ($a $b $c $d $e $f $g $h $i $j $x10 $x11 $x12 $x13 $x14 $x15) 7 $h))
(std (get ($a $b $c $d $e $f $g $h $i $j $x10 $x11 $x12 $x13 $x14 $x15) 8 $i))
(std (get ($a $b $c $d $e $f $g $h $i $j $x10 $x11 $x12 $x13 $x14 $x15) 9 $j))
(std (get ($a $b $c $d $e $f $g $h $i $j $x10 $x11 $x12 $x13 $x14 $x15) 10 $x10))
(std (get ($a $b $c $d $e $f $g $h $i $j $x10 $x11 $x12 $x13 $x14 $x15) 11 $x11))
(std (get ($a $b $c $d $e $f $g $h $i $j $x10 $x11 $x12 $x13 $x14 $x15) 12 $x12))
(std (get ($a $b $c $d $e $f $g $h $i $j $x10 $x11 $x12 $x13 $x14 $x15) 13 $x13))
(std (get ($a $b $c $d $e $f $g $h $i $j $x10 $x11 $x12 $x13 $x14 $x15) 14 $x14))
(std (get ($a $b $c $d $e $f $g $h $i $j $x10 $x11 $x12 $x13 $x14 $x15) 15 $x15))
(std (get ($a $b $c $d $e $f $g $h $i $j $x10 $x11 $x12 $x13 $x14 $x15 $x16) 0 $a))
(std (get ($a $b $c $d $e $f $g $h $i $j $x10 $x11 $x12 $x13 $x14 $x15 $x16) 1 $b))
(std (get ($a $b $c $d $e $f $g $h $i $j $x10 $x11 $x12 $x13 $x14 $x15 $x16) 2 $c))
(std (get ($a $b $c $d $e $f $g $h $i $j $x10 $x11 $x12 $x13 $x14 $x15 $x16) 3 $d))
(std (get ($a $b $c $d $e $f $g $h $i $j $x10 $x11 $x12 $x13 $x14 $x15 $x16) 4 $e))
(std (get ($a $b $c $d $e $f $g $h $i $j $x10 $x11 $x12 $x13 $x14 $x15 $x16) 5 $f))
(std (get ($a $b $c $d $e $f $g $h $i $j $x10 $x11 $x12 $x13 $x14 $x15 $x16) 6 $g))
(std (get ($a $b $c $d $e $f $g $h $i $j $x10 $x11 $x12 $x13 $x14 $x15 $x16) 7 $h))
(std (get ($a $b $c $d $e $f $g $h $i $j $x10 $x11 $x12 $x13 $x14 $x15 $x16) 8 $i))
(std (get ($a $b $c $d $e $f $g $h $i $j $x10 $x11 $x12 $x13 $x14 $x15 $x16) 9 $j))
(std (get ($a $b $c $d $e $f $g $h $i $j $x10 $x11 $x12 $x13 $x14 $x15 $x16) 10 $x10))
(std (get ($a $b $c $d $e $f $g $h $i $j $x10 $x11 $x12 $x13 $x14 $x15 $x16) 11 $x11))
(std (get ($a $b $c $d $e $f $g $h $i $j $x10 $x11 $x12 $x13 $x14 $x15 $x16) 12 $x12))
(std (get ($a $b $c $d $e $f $g $h $i $j $x10 $x11 $x12 $x13 $x14 $x15 $x16) 13 $x13))
(std (get ($a $b $c $d $e $f $g $h $i $j $x10 $x11 $x12 $x13 $x14 $x15 $x16) 14 $x14))
(std (get ($a $b $c $d $e $f $g $h $i $j $x10 $x11 $x12 $x13 $x14 $x15 $x16) 15 $x15))
(std (get ($a $b $c $d $e $f $g $h $i $j $x10 $x11 $x12 $x13 $x14 $x15 $x16) 16 $x16))
(std (get ($a $b $c $d $e $f $g $h $i $j $x10 $x11 $x12 $x13 $x14 $x15 $x16 $x17) 0 $a))
(std (get ($a $b $c $d $e $f $g $h $i $j $x10 $x11 $x12 $x13 $x14 $x15 $x16 $x17) 1 $b))
(std (get ($a $b $c $d $e $f $g $h $i $j $x10 $x11 $x12 $x13 $x14 $x15 $x16 $x17) 2 $c))
(std (get ($a $b $c $d $e $f $g $h $i $j $x10 $x11 $x12 $x13 $x14 $x15 $x16 $x17) 3 $d))
(std (get ($a $b $c $d $e $f $g $h $i $j $x10 $x11 $x12 $x13 $x14 $x15 $x16 $x17) 4 $e))
(std (get ($a $b $c $d $e $f $g $h $i $j $x10 $x11 $x12 $x13 $x14 $x15 $x16 $x17) 5 $f))
(std (get ($a $b $c $d $e $f $g $h $i $j $x10 $x11 $x12 $x13 $x14 $x15 $x16 $x17) 6 $g))
(std (get ($a $b $c $d $e $f $g $h $i $j $x10 $x11 $x12 $x13 $x14 $x15 $x16 $x17) 7 $h))
(std (get ($a $b $c $d $e $f $g $h $i $j $x10 $x11 $x12 $x13 $x14 $x15 $x16 $x17) 8 $i))
(std (get ($a $b $c $d $e $f $g $h $i $j $x10 $x11 $x12 $x13 $x14 $x15 $x16 $x17) 9 $j))
(std (get ($a $b $c $d $e $f $g $h $i $j $x10 $x11 $x12 $x13 $x14 $x15 $x16 $x17) 10 $x10))
(std (get ($a $b $c $d $e $f $g $h $i $j $x10 $x11 $x12 $x13 $x14 $x15 $x16 $x17) 11 $x11))
(std (get ($a $b $c $d $e $f $g $h $i $j $x10 $x11 $x12 $x13 $x14 $x15 $x16 $x17) 12 $x12))
(std (get ($a $b $c $d $e $f $g $h $i $j $x10 $x11 $x12 $x13 $x14 $x15 $x16 $x17) 13 $x13))
(std (get ($a $b $c $d $e $f $g $h $i $j $x10 $x11 $x12 $x13 $x14 $x15 $x16 $x17) 14 $x14))
(std (get ($a $b $c $d $e $f $g $h $i $j $x10 $x11 $x12 $x13 $x14 $x15 $x16 $x17) 15 $x15))
(std (get ($a $b $c $d $e $f $g $h $i $j $x10 $x11 $x12 $x13 $x14 $x15 $x16 $x17) 16 $x16))
(std (get ($a $b $c $d $e $f $g $h $i $j $x10 $x11 $x12 $x13 $x14 $x15 $x16 $x17) 17 $x17))
(std (get ($a $b $c $d $e $f $g $h $i $j $x10 $x11 $x12 $x13 $x14 $x15 $x16 $x17 $x18) 0 $a))
(std (get ($a $b $c $d $e $f $g $h $i $j $x10 $x11 $x12 $x13 $x14 $x15 $x16 $x17 $x18) 1 $b))
(std (get ($a $b $c $d $e $f $g $h $i $j $x10 $x11 $x12 $x13 $x14 $x15 $x16 $x17 $x18) 2 $c))
(std (get ($a $b $c $d $e $f $g $h $i $j $x10 $x11 $x12 $x13 $x14 $x15 $x16 $x17 $x18) 3 $d))
(std (get ($a $b $c $d $e $f $g $h $i $j $x10 $x11 $x12 $x13 $x14 $x15 $x16 $x17 $x18) 4 $e))
(std (get ($a $b $c $d $e $f $g $h $i $j $x10 $x11 $x12 $x13 $x14 $x15 $x16 $x17 $x18) 5 $f))
(std (get ($a $b $c $d $e $f $g $h $i $j $x10 $x11 $x12 $x13 $x14 $x15 $x16 $x17 $x18) 6 $g))
(std (get ($a $b $c $d $e $f $g $h $i $j $x10 $x11 $x12 $x13 $x14 $x15 $x16 $x17 $x18) 7 $h))
(std (get ($a $b $c $d $e $f $g $h $i $j $x10 $x11 $x12 $x13 $x14 $x15 $x16 $x17 $x18) 8 $i))
(std (get ($a $b $c $d $e $f $g $h $i $j $x10 $x11 $x12 $x13 $x14 $x15 $x16 $x17 $x18) 9 $j))
(std (get ($a $b $c $d $e $f $g $h $i $j $x10 $x11 $x12 $x13 $x14 $x15 $x16 $x17 $x18) 10 $x10))
(std (get ($a $b $c $d $e $f $g $h $i $j $x10 $x11 $x12 $x13 $x14 $x15 $x16 $x17 $x18) 11 $x11))
(std (get ($a $b $c $d $e $f $g $h $i $j $x10 $x11 $x12 $x13 $x14 $x15 $x16 $x17 $x18) 12 $x12))
(std (get ($a $b $c $d $e $f $g $h $i $j $x10 $x11 $x12 $x13 $x14 $x15 $x16 $x17 $x18) 13 $x13))
(std (get ($a $b $c $d $e $f $g $h $i $j $x10 $x11 $x12 $x13 $x14 $x15 $x16 $x17 $x18) 14 $x14))
(std (get ($a $b $c $d $e $f $g $h $i $j $x10 $x11 $x12 $x13 $x14 $x15 $x16 $x17 $x18) 15 $x15))
(std (get ($a $b $c $d $e $f $g $h $i $j $x10 $x11 $x12 $x13 $x14 $x15 $x16 $x17 $x18) 16 $x16))
(std (get ($a $b $c $d $e $f $g $h $i $j $x10 $x11 $x12 $x13 $x14 $x15 $x16 $x17 $x18) 17 $x17))
(std (get ($a $b $c $d $e $f $g $h $i $j $x10 $x11 $x12 $x13 $x14 $x15 $x16 $x17 $x18) 18 $x18))
(std (get ($a $b $c $d $e $f $g $h $i $j $x10 $x11 $x12 $x13 $x14 $x15 $x16 $x17 $x18 $x19) 0 $a))
(std (get ($a $b $c $d $e $f $g $h $i $j $x10 $x11 $x12 $x13 $x14 $x15 $x16 $x17 $x18 $x19) 1 $b))
(std (get ($a $b $c $d $e $f $g $h $i $j $x10 $x11 $x12 $x13 $x14 $x15 $x16 $x17 $x18 $x19) 2 $c))
(std (get ($a $b $c $d $e $f $g $h $i $j $x10 $x11 $x12 $x13 $x14 $x15 $x16 $x17 $x18 $x19) 3 $d))
(std (get ($a $b $c $d $e $f $g $h $i $j $x10 $x11 $x12 $x13 $x14 $x15 $x16 $x17 $x18 $x19) 4 $e))
(std (get ($a $b $c $d $e $f $g $h $i $j $x10 $x11 $x12 $x13 $x14 $x15 $x16 $x17 $x18 $x19) 5 $f))
(std (get ($a $b $c $d $e $f $g $h $i $j $x10 $x11 $x12 $x13 $x14 $x15 $x16 $x17 $x18 $x19) 6 $g))
(std (get ($a $b $c $d $e $f $g $h $i $j $x10 $x11 $x12 $x13 $x14 $x15 $x16 $x17 $x18 $x19) 7 $h))
(std (get ($a $b $c $d $e $f $g $h $i $j $x10 $x11 $x12 $x13 $x14 $x15 $x16 $x17 $x18 $x19) 8 $i))
(std (get ($a $b $c $d $e $f $g $h $i $j $x10 $x11 $x12 $x13 $x14 $x15 $x16 $x17 $x18 $x19) 9 $j))
(std (get ($a $b $c $d $e $f $g $h $i $j $x10 $x11 $x12 $x13 $x14 $x15 $x16 $x17 $x18 $x19) 10 $x10))
(std (get ($a $b $c $d $e $f $g $h $i $j $x10 $x11 $x12 $x13 $x14 $x15 $x16 $x17 $x18 $x19) 11 $x11))
(std (get ($a $b $c $d $e $f $g $h $i $j $x10 $x11 $x12 $x13 $x14 $x15 $x16 $x17 $x18 $x19) 12 $x12))
(std (get ($a $b $c $d $e $f $g $h $i $j $x10 $x11 $x12 $x13 $x14 $x15 $x16 $x17 $x18 $x19) 13 $x13))
(std (get ($a $b $c $d $e $f $g $h $i $j $x10 $x11 $x12 $x13 $x14 $x15 $x16 $x17 $x18 $x19) 14 $x14))
(std (get ($a $b $c $d $e $f $g $h $i $j $x10 $x11 $x12 $x13 $x14 $x15 $x16 $x17 $x18 $x19) 15 $x15))
(std (get ($a $b $c $d $e $f $g $h $i $j $x10 $x11 $x12 $x13 $x14 $x15 $x16 $x17 $x18 $x19) 16 $x16))
(std (get ($a $b $c $d $e $f $g $h $i $j $x10 $x11 $x12 $x13 $x14 $x15 $x16 $x17 $x18 $x19) 17 $x17))
(std (get ($a $b $c $d $e $f $g $h $i $j $x10 $x11 $x12 $x13 $x14 $x15 $x16 $x17 $x18 $x19) 18 $x18))
(std (get ($a $b $c $d $e $f $g $h $i $j $x10 $x11 $x12 $x13 $x14 $x15 $x16 $x17 $x18 $x19) 19 $x19))
(std (get ($a $b $c $d $e $f $g $h $i $j $x10 $x11 $x12 $x13 $x14 $x15 $x16 $x17 $x18 $x19 $x20) 0 $a))
(std (get ($a $b $c $d $e $f $g $h $i $j $x10 $x11 $x12 $x13 $x14 $x15 $x16 $x17 $x18 $x19 $x20) 1 $b))
(std (get ($a $b $c $d $e $f $g $h $i $j $x10 $x11 $x12 $x13 $x14 $x15 $x16 $x17 $x18 $x19 $x20) 2 $c))
(std (get ($a $b $c $d $e $f $g $h $i $j $x10 $x11 $x12 $x13 $x14 $x15 $x16 $x17 $x18 $x19 $x20) 3 $d))
(std (get ($a $b $c $d $e $f $g $h $i $j $x10 $x11 $x12 $x13 $x14 $x15 $x16 $x17 $x18 $x19 $x20) 4 $e))
(std (get ($a $b $c $d $e $f $g $h $i $j $x10 $x11 $x12 $x13 $x14 $x15 $x16 $x17 $x18 $x19 $x20) 5 $f))
(std (get ($a $b $c $d $e $f $g $h $i $j $x10 $x11 $x12 $x13 $x14 $x15 $x16 $x17 $x18 $x19 $x20) 6 $g))
(std (get ($a $b $c $d $e $f $g $h $i $j $x10 $x11 $x12 $x13 $x14 $x15 $x16 $x17 $x18 $x19 $x20) 7 $h))
(std (get ($a $b $c $d $e $f $g $h $i $j $x10 $x11 $x12 $x13 $x14 $x15 $x16 $x17 $x18 $x19 $x20) 8 $i))
(std (get ($a $b $c $d $e $f $g $h $i $j $x10 $x11 $x12 $x13 $x14 $x15 $x16 $x17 $x18 $x19 $x20) 9 $j))
(std (get ($a $b $c $d $e $f $g $h $i $j $x10 $x11 $x12 $x13 $x14 $x15 $x16 $x17 $x18 $x19 $x20) 10 $x10))
(std (get ($a $b $c $d $e $f $g $h $i $j $x10 $x11 $x12 $x13 $x14 $x15 $x16 $x17 $x18 $x19 $x20) 11 $x11))
(std (get ($a $b $c $d $e $f $g $h $i $j $x10 $x11 $x12 $x13 $x14 $x15 $x16 $x17 $x18 $x19 $x20) 12 $x12))
(std (get ($a $b $c $d $e $f $g $h $i $j $x10 $x11 $x12 $x13 $x14 $x15 $x16 $x17 $x18 $x19 $x20) 13 $x13))
(std (get ($a $b $c $d $e $f $g $h $i $j $x10 $x11 $x12 $x13 $x14 $x15 $x16 $x17 $x18 $x19 $x20) 14 $x14))
(std (get ($a $b $c $d $e $f $g $h $i $j $x10 $x11 $x12 $x13 $x14 $x15 $x16 $x17 $x18 $x19 $x20) 15 $x15))
(std (get ($a $b $c $d $e $f $g $h $i $j $x10 $x11 $x12 $x13 $x14 $x15 $x16 $x17 $x18 $x19 $x20) 16 $x16))
(std (get ($a $b $c $d $e $f $g $h $i $j $x10 $x11 $x12 $x13 $x14 $x15 $x16 $x17 $x18 $x19 $x20) 17 $x17))
(std (get ($a $b $c $d $e $f $g $h $i $j $x10 $x11 $x12 $x13 $x14 $x15 $x16 $x17 $x18 $x19 $x20) 18 $x18))
(std (get ($a $b $c $d $e $f $g $h $i $j $x10 $x11 $x12 $x13 $x14 $x15 $x16 $x17 $x18 $x19 $x20) 19 $x19))
(std (get ($a $b $c $d $e $f $g $h $i $j $x10 $x11 $x12 $x13 $x14 $x15 $x16 $x17 $x18 $x19 $x20) 20 $x20))
(std (get ($a $b $c $d $e $f $g $h $i $j $x10 $x11 $x12 $x13 $x14 $x15 $x16 $x17 $x18 $x19 $x20 $x21) 0 $a))
(std (get ($a $b $c $d $e $f $g $h $i $j $x10 $x11 $x12 $x13 $x14 $x15 $x16 $x17 $x18 $x19 $x20 $x21) 1 $b))
(std (get ($a $b $c $d $e $f $g $h $i $j $x10 $x11 $x12 $x13 $x14 $x15 $x16 $x17 $x18 $x19 $x20 $x21) 2 $c))
(std (get ($a $b $c $d $e $f $g $h $i $j $x10 $x11 $x12 $x13 $x14 $x15 $x16 $x17 $x18 $x19 $x20 $x21) 3 $d))
(std (get ($a $b $c $d $e $f $g $h $i $j $x10 $x11 $x12 $x13 $x14 $x15 $x16 $x17 $x18 $x19 $x20 $x21) 4 $e))
(std (get ($a $b $c $d $e $f $g $h $i $j $x10 $x11 $x12 $x13 $x14 $x15 $x16 $x17 $x18 $x19 $x20 $x21) 5 $f))
(std (get ($a $b $c $d $e $f $g $h $i $j $x10 $x11 $x12 $x13 $x14 $x15 $x16 $x17 $x18 $x19 $x20 $x21) 6 $g))
(std (get ($a $b $c $d $e $f $g $h $i $j $x10 $x11 $x12 $x13 $x14 $x15 $x16 $x17 $x18 $x19 $x20 $x21) 7 $h))
(std (get ($a $b $c $d $e $f $g $h $i $j $x10 $x11 $x12 $x13 $x14 $x15 $x16 $x17 $x18 $x19 $x20 $x21) 8 $i))
(std (get ($a $b $c $d $e $f $g $h $i $j $x10 $x11 $x12 $x13 $x14 $x15 $x16 $x17 $x18 $x19 $x20 $x21) 9 $j))
(std (get ($a $b $c $d $e $f $g $h $i $j $x10 $x11 $x12 $x13 $x14 $x15 $x16 $x17 $x18 $x19 $x20 $x21) 10 $x10))
(std (get ($a $b $c $d $e $f $g $h $i $j $x10 $x11 $x12 $x13 $x14 $x15 $x16 $x17 $x18 $x19 $x20 $x21) 11 $x11))
(std (get ($a $b $c $d $e $f $g $h $i $j $x10 $x11 $x12 $x13 $x14 $x15 $x16 $x17 $x18 $x19 $x20 $x21) 12 $x12))
(std (get ($a $b $c $d $e $f $g $h $i $j $x10 $x11 $x12 $x13 $x14 $x15 $x16 $x17 $x18 $x19 $x20 $x21) 13 $x13))
(std (get ($a $b $c $d $e $f $g $h $i $j $x10 $x11 $x12 $x13 $x14 $x15 $x16 $x17 $x18 $x19 $x20 $x21) 14 $x14))
(std (get ($a $b $c $d $e $f $g $h $i $j $x10 $x11 $x12 $x13 $x14 $x15 $x16 $x17 $x18 $x19 $x20 $x21) 15 $x15))
(std (get ($a $b $c $d $e $f $g $h $i $j $x10 $x11 $x12 $x13 $x14 $x15 $x16 $x17 $x18 $x19 $x20 $x21) 16 $x16))
(std (get ($a $b $c $d $e $f $g $h $i $j $x10 $x11 $x12 $x13 $x14 $x15 $x16 $x17 $x18 $x19 $x20 $x21) 17 $x17))
(std (get ($a $b $c $d $e $f $g $h $i $j $x10 $x11 $x12 $x13 $x14 $x15 $x16 $x17 $x18 $x19 $x20 $x21) 18 $x18))
(std (get ($a $b $c $d $e $f $g $h $i $j $x10 $x11 $x12 $x13 $x14 $x15 $x16 $x17 $x18 $x19 $x20 $x21) 19 $x19))
(std (get ($a $b $c $d $e $f $g $h $i $j $x10 $x11 $x12 $x13 $x14 $x15 $x16 $x17 $x18 $x19 $x20 $x21) 20 $x20))
(std (get ($a $b $c $d $e $f $g $h $i $j $x10 $x11 $x12 $x13 $x14 $x15 $x16 $x17 $x18 $x19 $x20 $x21) 21 $x21))
