(edge paris london)
(edge paris brussels)
(edge london paris)
(edge london brussels)
(edge london st-petersburg)
(edge brussels paris)
(edge brussels london)
(edge brussels istanbul)
(edge brussels st-petersburg)
(edge istanbul paris)
(edge istanbul brussels)
(edge istanbul st-petersburg)
(edge st-petersburg brussels)
(edge st-petersburg istanbul)
(triangle paris london brussels)
(triangle paris brussels london)
(triangle paris brussels istanbul)
(triangle london paris brussels)
(triangle london brussels paris)
(triangle london st-petersburg brussels)
(triangle brussels paris london)
(triangle brussels london paris)
(triangle brussels london st-petersburg)
(triangle brussels istanbul paris)
(triangle brussels istanbul st-petersburg)
(triangle brussels st-petersburg istanbul)
(triangle istanbul paris brussels)
(triangle istanbul brussels st-petersburg)
(triangle istanbul st-petersburg brussels)
(triangle st-petersburg brussels london)
(triangle st-petersburg brussels istanbul)
(triangle st-petersburg istanbul brussels)
