(alive ((S Z) (S (S Z)) (S Z)))
(alive ((S Z) (S Z) (S (S Z))))
(alive (Z (S (S (S Z))) (S Z)))
(cell lives 2)
(neighbors ((S $a) $b $c) ($a (S $b) $c))
(neighbors ((S $a) $b $c) ($a $b (S $c)))
(neighbors ($a (S $b) $c) ((S $a) $b $c))
(neighbors ($a (S $b) $c) ($a $b (S $c)))
(neighbors ($a $b (S $c)) ((S $a) $b $c))
(neighbors ($a $b (S $c)) ($a (S $b) $c))
