(wanted "minecraft:torch")
(maxiter (Z))
(inventory "minecraft:stick")
(inventory "minecraft:oak_log")
(inventory "minecraft:oak_planks")
(tags "#minecraft:planks" "minecraft:oak_planks")
(tags "#minecraft:planks" "minecraft:birch_planks")
(tags "#minecraft:planks" "minecraft:jungle_planks")
(tags "#minecraft:planks" "minecraft:spruce_planks")
(tags "#minecraft:oak_logs" "minecraft:oak_log")
(tags "#minecraft:oak_logs" "minecraft:oak_wood")
(tags "#minecraft:oak_logs" "minecraft:stripped_oak_log")
(tags "#minecraft:oak_logs" "minecraft:stripped_oak_wood")
(recipe stick (key ("#" "#minecraft:planks")))
(recipe stick (key ("#" "minecraft:oak_planks")))
(recipe stick (key ("#" "minecraft:birch_planks")))
(recipe stick (key ("#" "minecraft:jungle_planks")))
(recipe stick (key ("#" "minecraft:spruce_planks")))
(recipe stick (result (id "minecraft:stick")))
(recipe stick (numIngredients 2))
(recipe stick (pattern 0 "#"))
(recipe stick (pattern 1 "#"))
(recipe torch (key ("#" "minecraft:stick")))
(recipe torch (key ("X" "minecraft:coal")))
(recipe torch (key ("X" "minecraft:charcoal")))
(recipe torch (result (id "minecraft:torch")))
(recipe torch (numIngredients 2))
(recipe torch (pattern 0 "X"))
(recipe torch (pattern 1 "#"))
(recipe oak_planks (result (id "minecraft:oak_planks")))
(recipe oak_planks (numIngredients 1))
(recipe oak_planks (ingredients 0 "minecraft:oak_log"))
(recipe oak_planks (ingredients 0 "minecraft:oak_wood"))
(recipe oak_planks (ingredients 0 "#minecraft:oak_logs"))
(recipe oak_planks (ingredients 0 "minecraft:stripped_oak_log"))
(recipe oak_planks (ingredients 0 "minecraft:stripped_oak_wood"))
