(init 1)
(visited 1)
(visited 2)
(visited 3)
(visited 4)
(visited 5)
(visited 6)
(visited 7)
(visited 8)
(visited 9)
(visited 10)
(visited 11)
(visited 12)
(visited 13)
(visited 14)
(visited 15)
(visited 16)
(visited 17)
(visited 18)
(visited 19)
(visited 20)
(visited 21)
(visited 22)
(step (S (S (S Z))) (path 1 5 ((stack (C A)) ((pickup (C)) ((stack (A B)) (pickup (A)))))) (stack (C A)))
(step (S (S (S Z))) (path 1 8 ((stack (B A)) ((pickup (B)) ((stack (A C)) (pickup (A)))))) (stack (B A)))
(step (S (S (S Z))) (path 1 12 ((stack (C B)) ((pickup (C)) ((stack (B A)) (pickup (B)))))) (stack (C B)))
(step (S (S (S Z))) (path 1 15 ((stack (A B)) ((pickup (A)) ((stack (B C)) (pickup (B)))))) (stack (A B)))
(step (S (S (S Z))) (path 1 19 ((stack (B C)) ((pickup (B)) ((stack (C A)) (pickup (C)))))) (stack (B C)))
(step (S (S (S Z))) (path 1 22 ((stack (A C)) ((pickup (A)) ((stack (C B)) (pickup (C)))))) (stack (A C)))
(step (S (S Z)) (path 1 4 ((pickup (C)) ((stack (A B)) (pickup (A))))) (pickup (C)))
(step (S (S Z)) (path 1 5 ((stack (C A)) ((pickup (C)) ((stack (A B)) (pickup (A)))))) (pickup (C)))
(step (S (S Z)) (path 1 7 ((pickup (B)) ((stack (A C)) (pickup (A))))) (pickup (B)))
(step (S (S Z)) (path 1 8 ((stack (B A)) ((pickup (B)) ((stack (A C)) (pickup (A)))))) (pickup (B)))
(step (S (S Z)) (path 1 11 ((pickup (C)) ((stack (B A)) (pickup (B))))) (pickup (C)))
(step (S (S Z)) (path 1 12 ((stack (C B)) ((pickup (C)) ((stack (B A)) (pickup (B)))))) (pickup (C)))
(step (S (S Z)) (path 1 14 ((pickup (A)) ((stack (B C)) (pickup (B))))) (pickup (A)))
(step (S (S Z)) (path 1 15 ((stack (A B)) ((pickup (A)) ((stack (B C)) (pickup (B)))))) (pickup (A)))
(step (S (S Z)) (path 1 18 ((pickup (B)) ((stack (C A)) (pickup (C))))) (pickup (B)))
(step (S (S Z)) (path 1 19 ((stack (B C)) ((pickup (B)) ((stack (C A)) (pickup (C)))))) (pickup (B)))
(step (S (S Z)) (path 1 21 ((pickup (A)) ((stack (C B)) (pickup (C))))) (pickup (A)))
(step (S (S Z)) (path 1 22 ((stack (A C)) ((pickup (A)) ((stack (C B)) (pickup (C)))))) (pickup (A)))
(step (S Z) (path 1 3 ((stack (A B)) (pickup (A)))) (stack (A B)))
(step (S Z) (path 1 4 ((pickup (C)) ((stack (A B)) (pickup (A))))) (stack (A B)))
(step (S Z) (path 1 5 ((stack (C A)) ((pickup (C)) ((stack (A B)) (pickup (A)))))) (stack (A B)))
(step (S Z) (path 1 6 ((stack (A C)) (pickup (A)))) (stack (A C)))
(step (S Z) (path 1 7 ((pickup (B)) ((stack (A C)) (pickup (A))))) (stack (A C)))
(step (S Z) (path 1 8 ((stack (B A)) ((pickup (B)) ((stack (A C)) (pickup (A)))))) (stack (A C)))
(step (S Z) (path 1 10 ((stack (B A)) (pickup (B)))) (stack (B A)))
(step (S Z) (path 1 11 ((pickup (C)) ((stack (B A)) (pickup (B))))) (stack (B A)))
(step (S Z) (path 1 12 ((stack (C B)) ((pickup (C)) ((stack (B A)) (pickup (B)))))) (stack (B A)))
(step (S Z) (path 1 13 ((stack (B C)) (pickup (B)))) (stack (B C)))
(step (S Z) (path 1 14 ((pickup (A)) ((stack (B C)) (pickup (B))))) (stack (B C)))
(step (S Z) (path 1 15 ((stack (A B)) ((pickup (A)) ((stack (B C)) (pickup (B)))))) (stack (B C)))
(step (S Z) (path 1 17 ((stack (C A)) (pickup (C)))) (stack (C A)))
(step (S Z) (path 1 18 ((pickup (B)) ((stack (C A)) (pickup (C))))) (stack (C A)))
(step (S Z) (path 1 19 ((stack (B C)) ((pickup (B)) ((stack (C A)) (pickup (C)))))) (stack (C A)))
(step (S Z) (path 1 20 ((stack (C B)) (pickup (C)))) (stack (C B)))
(step (S Z) (path 1 21 ((pickup (A)) ((stack (C B)) (pickup (C))))) (stack (C B)))
(step (S Z) (path 1 22 ((stack (A C)) ((pickup (A)) ((stack (C B)) (pickup (C)))))) (stack (C B)))
(step Z (path 1 2 (pickup (A))) (pickup (A)))
(step Z (path 1 3 ((stack (A B)) (pickup (A)))) (pickup (A)))
(step Z (path 1 4 ((pickup (C)) ((stack (A B)) (pickup (A))))) (pickup (A)))
(step Z (path 1 5 ((stack (C A)) ((pickup (C)) ((stack (A B)) (pickup (A)))))) (pickup (A)))
(step Z (path 1 6 ((stack (A C)) (pickup (A)))) (pickup (A)))
(step Z (path 1 7 ((pickup (B)) ((stack (A C)) (pickup (A))))) (pickup (A)))
(step Z (path 1 8 ((stack (B A)) ((pickup (B)) ((stack (A C)) (pickup (A)))))) (pickup (A)))
(step Z (path 1 9 (pickup (B))) (pickup (B)))
(step Z (path 1 10 ((stack (B A)) (pickup (B)))) (pickup (B)))
(step Z (path 1 11 ((pickup (C)) ((stack (B A)) (pickup (B))))) (pickup (B)))
(step Z (path 1 12 ((stack (C B)) ((pickup (C)) ((stack (B A)) (pickup (B)))))) (pickup (B)))
(step Z (path 1 13 ((stack (B C)) (pickup (B)))) (pickup (B)))
(step Z (path 1 14 ((pickup (A)) ((stack (B C)) (pickup (B))))) (pickup (B)))
(step Z (path 1 15 ((stack (A B)) ((pickup (A)) ((stack (B C)) (pickup (B)))))) (pickup (B)))
(step Z (path 1 16 (pickup (C))) (pickup (C)))
(step Z (path 1 17 ((stack (C A)) (pickup (C)))) (pickup (C)))
(step Z (path 1 18 ((pickup (B)) ((stack (C A)) (pickup (C))))) (pickup (C)))
(step Z (path 1 19 ((stack (B C)) ((pickup (B)) ((stack (C A)) (pickup (C)))))) (pickup (C)))
(step Z (path 1 20 ((stack (C B)) (pickup (C)))) (pickup (C)))
(step Z (path 1 21 ((pickup (A)) ((stack (C B)) (pickup (C))))) (pickup (C)))
(step Z (path 1 22 ((stack (A C)) ((pickup (A)) ((stack (C B)) (pickup (C)))))) (pickup (C)))
(reachable (S (S (S Z))) 1 5)
(reachable (S (S (S Z))) 1 8)
(reachable (S (S (S Z))) 1 12)
(reachable (S (S (S Z))) 1 15)
(reachable (S (S (S Z))) 1 19)
(reachable (S (S (S Z))) 1 22)
(reachable (S (S Z)) 1 4)
(reachable (S (S Z)) 1 7)
(reachable (S (S Z)) 1 11)
(reachable (S (S Z)) 1 14)
(reachable (S (S Z)) 1 18)
(reachable (S (S Z)) 1 21)
(reachable (S Z) 1 3)
(reachable (S Z) 1 6)
(reachable (S Z) 1 10)
(reachable (S Z) 1 13)
(reachable (S Z) 1 17)
(reachable (S Z) 1 20)
(reachable Z 1 2)
(reachable Z 1 9)
(reachable Z 1 16)
