(maxlength 4)
(startpoint H)
(reachable H A)
(reachable H B)
(reachable H C)
(reachable H F)
(reachable H G)
(reachable H H)
(reachable H I)
(street A B 1)
(street A D 1)
(street B A 1)
(street B C 1)
(street C B 1)
(street C H 2)
(street D A 1)
(street D E 1)
(street D F 1)
(street E B 1)
(street E G 1)
(street F G 1)
(street F I 1)
(street G F 1)
(street H C 2)
(street H G 1)
(street I J 2)
(street J H 1)
(path 0 H H 0)
(path 1 H C 2)
(path 1 H G 1)
(path 2 H B 3)
(path 2 H F 2)
(path 2 H H 4)
(path 3 H A 4)
(path 3 H C 4)
(path 3 H G 3)
(path 3 H I 3)
(path 4 H F 4)
