(ev (: (@ (@ MP ab) a) B))
(ev (: (@ (@ MP bc) (@ (@ MP ab) a)) C))
(ev (: (@ MP ab) (-> A B)))
(ev (: (@ MP bc) (-> B C)))
(ev (: a A))
(ev (: MP (-> (R $a (R $b (R $c (-> $d (-> $e C))))) (-> $a (R $b (R $c (-> $d (-> $e C))))))))
(ev (: MP (-> (R $a (R $b (R $c (-> $d C)))) (-> $a (R $b (R $c (-> $d C)))))))
(ev (: MP (-> (R $a (R $b (R $c C))) (-> $a (R $b (R $c C))))))
(ev (: MP (-> (R $a (R $b (-> $c (R $d (-> $e C))))) (-> $a (R $b (-> $c (R $d (-> $e C))))))))
(ev (: MP (-> (R $a (R $b (-> $c (R $d C)))) (-> $a (R $b (-> $c (R $d C)))))))
(ev (: MP (-> (R $a (R $b (-> $c (-> $d (R $e C))))) (-> $a (R $b (-> $c (-> $d (R $e C))))))))
(ev (: MP (-> (R $a (R $b (-> $c (-> $d (-> $e (-> $f (-> $g C))))))) (-> $a (R $b (-> $c (-> $d (-> $e (-> $f (-> $g C))))))))))
(ev (: MP (-> (R $a (R $b (-> $c (-> $d (-> $e (-> $f C)))))) (-> $a (R $b (-> $c (-> $d (-> $e (-> $f C)))))))))
(ev (: MP (-> (R $a (R $b (-> $c (-> $d (-> $e C))))) (-> $a (R $b (-> $c (-> $d (-> $e C))))))))
(ev (: MP (-> (R $a (R $b (-> $c (-> $d C)))) (-> $a (R $b (-> $c (-> $d C)))))))
(ev (: MP (-> (R $a (R $b (-> $c B))) (-> $a (R $b (-> $c B))))))
(ev (: MP (-> (R $a (R $b (-> $c C))) (-> $a (R $b (-> $c C))))))
(ev (: MP (-> (R $a (R $b B)) (-> $a (R $b B)))))
(ev (: MP (-> (R $a (R $b C)) (-> $a (R $b C)))))
(ev (: MP (-> (R $a (-> $b (R $c (R $d (-> $e C))))) (-> $a (-> $b (R $c (R $d (-> $e C))))))))
(ev (: MP (-> (R $a (-> $b (R $c (R $d C)))) (-> $a (-> $b (R $c (R $d C)))))))
(ev (: MP (-> (R $a (-> $b (R $c (-> $d (R $e C))))) (-> $a (-> $b (R $c (-> $d (R $e C))))))))
(ev (: MP (-> (R $a (-> $b (R $c (-> $d (-> $e (-> $f (-> $g C))))))) (-> $a (-> $b (R $c (-> $d (-> $e (-> $f (-> $g C))))))))))
(ev (: MP (-> (R $a (-> $b (R $c (-> $d (-> $e (-> $f C)))))) (-> $a (-> $b (R $c (-> $d (-> $e (-> $f C)))))))))
(ev (: MP (-> (R $a (-> $b (R $c (-> $d (-> $e C))))) (-> $a (-> $b (R $c (-> $d (-> $e C))))))))
(ev (: MP (-> (R $a (-> $b (R $c (-> $d C)))) (-> $a (-> $b (R $c (-> $d C)))))))
(ev (: MP (-> (R $a (-> $b (R $c B))) (-> $a (-> $b (R $c B))))))
(ev (: MP (-> (R $a (-> $b (R $c C))) (-> $a (-> $b (R $c C))))))
(ev (: MP (-> (R $a (-> $b (-> $c (R $d (R $e C))))) (-> $a (-> $b (-> $c (R $d (R $e C))))))))
(ev (: MP (-> (R $a (-> $b (-> $c (R $d (-> $e (-> $f (-> $g C))))))) (-> $a (-> $b (-> $c (R $d (-> $e (-> $f (-> $g C))))))))))
(ev (: MP (-> (R $a (-> $b (-> $c (R $d (-> $e (-> $f C)))))) (-> $a (-> $b (-> $c (R $d (-> $e (-> $f C)))))))))
(ev (: MP (-> (R $a (-> $b (-> $c (R $d (-> $e C))))) (-> $a (-> $b (-> $c (R $d (-> $e C))))))))
(ev (: MP (-> (R $a (-> $b (-> $c (R $d C)))) (-> $a (-> $b (-> $c (R $d C)))))))
(ev (: MP (-> (R $a (-> $b (-> $c (-> $d (R $e (-> $f (-> $g C))))))) (-> $a (-> $b (-> $c (-> $d (R $e (-> $f (-> $g C))))))))))
(ev (: MP (-> (R $a (-> $b (-> $c (-> $d (R $e (-> $f C)))))) (-> $a (-> $b (-> $c (-> $d (R $e (-> $f C)))))))))
(ev (: MP (-> (R $a (-> $b (-> $c (-> $d (R $e C))))) (-> $a (-> $b (-> $c (-> $d (R $e C))))))))
(ev (: MP (-> (R $a (-> $b (-> $c (-> $d (-> $e (R $f (-> $g C))))))) (-> $a (-> $b (-> $c (-> $d (-> $e (R $f (-> $g C))))))))))
(ev (: MP (-> (R $a (-> $b (-> $c (-> $d (-> $e (R $f C)))))) (-> $a (-> $b (-> $c (-> $d (-> $e (R $f C)))))))))
(ev (: MP (-> (R $a (-> $b (-> $c (-> $d (-> $e (-> $f (R $g C))))))) (-> $a (-> $b (-> $c (-> $d (-> $e (-> $f (R $g C))))))))))
(ev (: MP (-> (R $a (-> $b (-> $c (-> $d (-> $e (-> $f (-> $g (-> $h (-> $i C))))))))) (-> $a (-> $b (-> $c (-> $d (-> $e (-> $f (-> $g (-> $h (-> $i C))))))))))))
(ev (: MP (-> (R $a (-> $b (-> $c (-> $d (-> $e (-> $f (-> $g (-> $h C)))))))) (-> $a (-> $b (-> $c (-> $d (-> $e (-> $f (-> $g (-> $h C)))))))))))
(ev (: MP (-> (R $a (-> $b (-> $c (-> $d (-> $e (-> $f (-> $g C))))))) (-> $a (-> $b (-> $c (-> $d (-> $e (-> $f (-> $g C))))))))))
(ev (: MP (-> (R $a (-> $b (-> $c (-> $d (-> $e (-> $f C)))))) (-> $a (-> $b (-> $c (-> $d (-> $e (-> $f C)))))))))
(ev (: MP (-> (R $a (-> $b (-> $c (-> $d (-> $e B))))) (-> $a (-> $b (-> $c (-> $d (-> $e B))))))))
(ev (: MP (-> (R $a (-> $b (-> $c (-> $d (-> $e C))))) (-> $a (-> $b (-> $c (-> $d (-> $e C))))))))
(ev (: MP (-> (R $a (-> $b (-> $c (-> $d B)))) (-> $a (-> $b (-> $c (-> $d B)))))))
(ev (: MP (-> (R $a (-> $b (-> $c (-> $d C)))) (-> $a (-> $b (-> $c (-> $d C)))))))
(ev (: MP (-> (R $a (-> $b (-> $c B))) (-> $a (-> $b (-> $c B))))))
(ev (: MP (-> (R $a (-> $b (-> $c C))) (-> $a (-> $b (-> $c C))))))
(ev (: MP (-> (R $a (-> $b B)) (-> $a (-> $b B)))))
(ev (: MP (-> (R $a (-> $b C)) (-> $a (-> $b C)))))
(ev (: MP (-> (R $a A) (-> $a A))))
(ev (: MP (-> (R $a B) (-> $a B))))
(ev (: MP (-> (R $a C) (-> $a C))))
(ev (: ab (R A B)))
(ev (: bc (R B C)))
(kb (: a A))
(kb (: MP (-> (R $a $b) (-> $a $b))))
(kb (: ab (R A B)))
(kb (: bc (R B C)))
(goal (: $a (R $b (R $c (R $d (-> $e C))))))
(goal (: $a (R $b (R $c (R $d C)))))
(goal (: $a (R $b (R $c (-> $d (R $e C))))))
(goal (: $a (R $b (R $c (-> $d (-> $e (-> $f (-> $g C))))))))
(goal (: $a (R $b (R $c (-> $d (-> $e (-> $f C)))))))
(goal (: $a (R $b (R $c (-> $d (-> $e C))))))
(goal (: $a (R $b (R $c (-> $d C)))))
(goal (: $a (R $b (R $c B))))
(goal (: $a (R $b (R $c C))))
(goal (: $a (R $b (-> $c (R $d (R $e C))))))
(goal (: $a (R $b (-> $c (R $d (-> $e (-> $f (-> $g C))))))))
(goal (: $a (R $b (-> $c (R $d (-> $e (-> $f C)))))))
(goal (: $a (R $b (-> $c (R $d (-> $e C))))))
(goal (: $a (R $b (-> $c (R $d C)))))
(goal (: $a (R $b (-> $c (-> $d (R $e (-> $f (-> $g C))))))))
(goal (: $a (R $b (-> $c (-> $d (R $e (-> $f C)))))))
(goal (: $a (R $b (-> $c (-> $d (R $e C))))))
(goal (: $a (R $b (-> $c (-> $d (-> $e (R $f (-> $g C))))))))
(goal (: $a (R $b (-> $c (-> $d (-> $e (R $f C)))))))
(goal (: $a (R $b (-> $c (-> $d (-> $e (-> $f (R $g C))))))))
(goal (: $a (R $b (-> $c (-> $d (-> $e (-> $f (-> $g (-> $h (-> $i C))))))))))
(goal (: $a (R $b (-> $c (-> $d (-> $e (-> $f (-> $g (-> $h C)))))))))
(goal (: $a (R $b (-> $c (-> $d (-> $e (-> $f (-> $g C))))))))
(goal (: $a (R $b (-> $c (-> $d (-> $e (-> $f C)))))))
(goal (: $a (R $b (-> $c (-> $d (-> $e B))))))
(goal (: $a (R $b (-> $c (-> $d (-> $e C))))))
(goal (: $a (R $b (-> $c (-> $d B)))))
(goal (: $a (R $b (-> $c (-> $d C)))))
(goal (: $a (R $b (-> $c B))))
(goal (: $a (R $b (-> $c C))))
(goal (: $a (R $b B)))
(goal (: $a (R $b C)))
(goal (: $a (-> $b (R $c (R $d (R $e C))))))
(goal (: $a (-> $b (R $c (R $d (-> $e (-> $f (-> $g C))))))))
(goal (: $a (-> $b (R $c (R $d (-> $e (-> $f C)))))))
(goal (: $a (-> $b (R $c (R $d (-> $e C))))))
(goal (: $a (-> $b (R $c (R $d C)))))
(goal (: $a (-> $b (R $c (-> $d (R $e (-> $f (-> $g C))))))))
(goal (: $a (-> $b (R $c (-> $d (R $e (-> $f C)))))))
(goal (: $a (-> $b (R $c (-> $d (R $e C))))))
(goal (: $a (-> $b (R $c (-> $d (-> $e (R $f (-> $g C))))))))
(goal (: $a (-> $b (R $c (-> $d (-> $e (R $f C)))))))
(goal (: $a (-> $b (R $c (-> $d (-> $e (-> $f (R $g C))))))))
(goal (: $a (-> $b (R $c (-> $d (-> $e (-> $f (-> $g (-> $h (-> $i C))))))))))
(goal (: $a (-> $b (R $c (-> $d (-> $e (-> $f (-> $g (-> $h C)))))))))
(goal (: $a (-> $b (R $c (-> $d (-> $e (-> $f (-> $g C))))))))
(goal (: $a (-> $b (R $c (-> $d (-> $e (-> $f C)))))))
(goal (: $a (-> $b (R $c (-> $d (-> $e B))))))
(goal (: $a (-> $b (R $c (-> $d (-> $e C))))))
(goal (: $a (-> $b (R $c (-> $d B)))))
(goal (: $a (-> $b (R $c (-> $d C)))))
(goal (: $a (-> $b (R $c B))))
(goal (: $a (-> $b (R $c C))))
(goal (: $a (-> $b (-> $c (R $d (R $e (-> $f (-> $g C))))))))
(goal (: $a (-> $b (-> $c (R $d (R $e (-> $f C)))))))
(goal (: $a (-> $b (-> $c (R $d (R $e C))))))
(goal (: $a (-> $b (-> $c (R $d (-> $e (R $f (-> $g C))))))))
(goal (: $a (-> $b (-> $c (R $d (-> $e (R $f C)))))))
(goal (: $a (-> $b (-> $c (R $d (-> $e (-> $f (R $g C))))))))
(goal (: $a (-> $b (-> $c (R $d (-> $e (-> $f (-> $g (-> $h (-> $i C))))))))))
(goal (: $a (-> $b (-> $c (R $d (-> $e (-> $f (-> $g (-> $h C)))))))))
(goal (: $a (-> $b (-> $c (R $d (-> $e (-> $f (-> $g C))))))))
(goal (: $a (-> $b (-> $c (R $d (-> $e (-> $f C)))))))
(goal (: $a (-> $b (-> $c (R $d (-> $e B))))))
(goal (: $a (-> $b (-> $c (R $d (-> $e C))))))
(goal (: $a (-> $b (-> $c (R $d B)))))
(goal (: $a (-> $b (-> $c (R $d C)))))
(goal (: $a (-> $b (-> $c (-> $d (R $e (R $f (-> $g C))))))))
(goal (: $a (-> $b (-> $c (-> $d (R $e (R $f C)))))))
(goal (: $a (-> $b (-> $c (-> $d (R $e (-> $f (R $g C))))))))
(goal (: $a (-> $b (-> $c (-> $d (R $e (-> $f (-> $g (-> $h (-> $i C))))))))))
(goal (: $a (-> $b (-> $c (-> $d (R $e (-> $f (-> $g (-> $h C)))))))))
(goal (: $a (-> $b (-> $c (-> $d (R $e (-> $f (-> $g C))))))))
(goal (: $a (-> $b (-> $c (-> $d (R $e (-> $f C)))))))
(goal (: $a (-> $b (-> $c (-> $d (R $e B))))))
(goal (: $a (-> $b (-> $c (-> $d (R $e C))))))
(goal (: $a (-> $b (-> $c (-> $d (-> $e (R $f (R $g C))))))))
(goal (: $a (-> $b (-> $c (-> $d (-> $e (R $f (-> $g (-> $h (-> $i C))))))))))
(goal (: $a (-> $b (-> $c (-> $d (-> $e (R $f (-> $g (-> $h C)))))))))
(goal (: $a (-> $b (-> $c (-> $d (-> $e (R $f (-> $g C))))))))
(goal (: $a (-> $b (-> $c (-> $d (-> $e (R $f C)))))))
(goal (: $a (-> $b (-> $c (-> $d (-> $e (-> $f (R $g (-> $h (-> $i C))))))))))
(goal (: $a (-> $b (-> $c (-> $d (-> $e (-> $f (R $g (-> $h C)))))))))
(goal (: $a (-> $b (-> $c (-> $d (-> $e (-> $f (R $g C))))))))
(goal (: $a (-> $b (-> $c (-> $d (-> $e (-> $f (-> $g (R $h (-> $i C))))))))))
(goal (: $a (-> $b (-> $c (-> $d (-> $e (-> $f (-> $g (R $h C)))))))))
(goal (: $a (-> $b (-> $c (-> $d (-> $e (-> $f (-> $g (-> $h (R $i C))))))))))
(goal (: $a (-> $b (-> $c (-> $d (-> $e (-> $f (-> $g (-> $h (-> $i (-> $j (-> $x10 C))))))))))))
(goal (: $a (-> $b (-> $c (-> $d (-> $e (-> $f (-> $g (-> $h (-> $i (-> $j C)))))))))))
(goal (: $a (-> $b (-> $c (-> $d (-> $e (-> $f (-> $g (-> $h (-> $i C))))))))))
(goal (: $a (-> $b (-> $c (-> $d (-> $e (-> $f (-> $g (-> $h C)))))))))
(goal (: $a (-> $b (-> $c (-> $d (-> $e (-> $f (-> $g B))))))))
(goal (: $a (-> $b (-> $c (-> $d (-> $e (-> $f (-> $g C))))))))
(goal (: $a (-> $b (-> $c (-> $d (-> $e (-> $f B)))))))
(goal (: $a (-> $b (-> $c (-> $d (-> $e (-> $f C)))))))
(goal (: $a (-> $b (-> $c (-> $d (-> $e B))))))
(goal (: $a (-> $b (-> $c (-> $d (-> $e C))))))
(goal (: $a (-> $b (-> $c (-> $d B)))))
(goal (: $a (-> $b (-> $c (-> $d C)))))
(goal (: $a (-> $b (-> $c A))))
(goal (: $a (-> $b (-> $c B))))
(goal (: $a (-> $b (-> $c C))))
(goal (: $a (-> $b A)))
(goal (: $a (-> $b B)))
(goal (: $a (-> $b C)))
(goal (: $a A))
(goal (: $a B))
(goal (: $a C))
((step abs) (, (goal (: $a $b))) (, (goal (: $c (-> $d $b)))))
((step app) (, (ev (: $a (-> $b $c))) (ev (: $d $b))) (, (ev (: (@ $a $d) $c))))
((step rev) (, (ev (: $a (-> $b $c))) (goal (: $d $c))) (, (goal (: $e $b))))
((step base) (, (goal (: $a $b)) (kb (: $a $b))) (, (ev (: $a $b))))
(exec abs (, (goal (: $a $b))) (, (goal (: $c (-> $d $b)))))
(exec app (, (ev (: $a (-> $b $c))) (ev (: $d $b))) (, (ev (: (@ $a $d) $c))))
(exec rev (, (ev (: $a (-> $b $c))) (goal (: $d $c))) (, (goal (: $e $b))))
(exec base (, (goal (: $a $b)) (kb (: $a $b))) (, (ev (: $a $b))))
(exec zealous (, ((step $a) $b $c) (exec zealous $d $e)) (, (exec $a $b $c) (exec zealous $d $e)))
