(dec 1 0)
(dec 2 1)
(dec 3 2)
(dec 4 3)
(dec 5 4)
(dec 6 5)
(dec 7 6)
(dec 8 7)
(dec 9 8)
(dec 10 9)
(dec 11 10)
(dec 12 11)
(dec 13 12)
(dec 14 13)
(dec 15 14)
(dec 16 15)
(dec 17 16)
(dec 18 17)
(dec 19 18)
(dec 20 19)
(dec 21 20)
(dec 22 21)
(dec 23 22)
(dec 24 23)
(dec 25 24)
(dec 26 25)
(gte 0 0)
(gte 1 0)
(gte 1 1)
(gte 2 0)
(gte 2 1)
(gte 2 2)
(gte 3 0)
(gte 3 1)
(gte 3 2)
(gte 3 3)
(gte 4 0)
(gte 4 1)
(gte 4 2)
(gte 4 3)
(gte 4 4)
(gte 5 0)
(gte 5 1)
(gte 5 2)
(gte 5 3)
(gte 5 4)
(gte 5 5)
(gte 6 0)
(gte 6 1)
(gte 6 2)
(gte 6 3)
(gte 6 4)
(gte 6 5)
(gte 6 6)
(gte 7 0)
(gte 7 1)
(gte 7 2)
(gte 7 3)
(gte 7 4)
(gte 7 5)
(gte 7 6)
(gte 7 7)
(gte 8 0)
(gte 8 1)
(gte 8 2)
(gte 8 3)
(gte 8 4)
(gte 8 5)
(gte 8 6)
(gte 8 7)
(gte 8 8)
(gte 9 0)
(gte 9 1)
(gte 9 2)
(gte 9 3)
(gte 9 4)
(gte 9 5)
(gte 9 6)
(gte 9 7)
(gte 9 8)
(gte 9 9)
(gte 10 0)
(gte 10 1)
(gte 10 2)
(gte 10 3)
(gte 10 4)
(gte 10 5)
(gte 10 6)
(gte 10 7)
(gte 10 8)
(gte 10 9)
(gte 10 10)
(gte 11 0)
(gte 11 1)
(gte 11 2)
(gte 11 3)
(gte 11 4)
(gte 11 5)
(gte 11 6)
(gte 11 7)
(gte 11 8)
(gte 11 9)
(gte 11 10)
(gte 11 11)
(gte 12 0)
(gte 12 1)
(gte 12 2)
(gte 12 3)
(gte 12 4)
(gte 12 5)
(gte 12 6)
(gte 12 7)
(gte 12 8)
(gte 12 9)
(gte 12 10)
(gte 12 11)
(gte 12 12)
(gte 13 0)
(gte 13 1)
(gte 13 2)
(gte 13 3)
(gte 13 4)
(gte 13 5)
(gte 13 6)
(gte 13 7)
(gte 13 8)
(gte 13 9)
(gte 13 10)
(gte 13 11)
(gte 13 12)
(gte 13 13)
(gte 14 0)
(gte 14 1)
(gte 14 2)
(gte 14 3)
(gte 14 4)
(gte 14 5)
(gte 14 6)
(gte 14 7)
(gte 14 8)
(gte 14 9)
(gte 14 10)
(gte 14 11)
(gte 14 12)
(gte 14 13)
(gte 14 14)
(gte 15 0)
(gte 15 1)
(gte 15 2)
(gte 15 3)
(gte 15 4)
(gte 15 5)
(gte 15 6)
(gte 15 7)
(gte 15 8)
(gte 15 9)
(gte 15 10)
(gte 15 11)
(gte 15 12)
(gte 15 13)
(gte 15 14)
(gte 15 15)
(gte 16 0)
(gte 16 1)
(gte 16 2)
(gte 16 3)
(gte 16 4)
(gte 16 5)
(gte 16 6)
(gte 16 7)
(gte 16 8)
(gte 16 9)
(gte 16 10)
(gte 16 11)
(gte 16 12)
(gte 16 13)
(gte 16 14)
(gte 16 15)
(gte 16 16)
(gte 17 0)
(gte 17 1)
(gte 17 2)
(gte 17 3)
(gte 17 4)
(gte 17 5)
(gte 17 6)
(gte 17 7)
(gte 17 8)
(gte 17 9)
(gte 17 10)
(gte 17 11)
(gte 17 12)
(gte 17 13)
(gte 17 14)
(gte 17 15)
(gte 17 16)
(gte 17 17)
(gte 18 0)
(gte 18 1)
(gte 18 2)
(gte 18 3)
(gte 18 4)
(gte 18 5)
(gte 18 6)
(gte 18 7)
(gte 18 8)
(gte 18 9)
(gte 18 10)
(gte 18 11)
(gte 18 12)
(gte 18 13)
(gte 18 14)
(gte 18 15)
(gte 18 16)
(gte 18 17)
(gte 18 18)
(gte 19 0)
(gte 19 1)
(gte 19 2)
(gte 19 3)
(gte 19 4)
(gte 19 5)
(gte 19 6)
(gte 19 7)
(gte 19 8)
(gte 19 9)
(gte 19 10)
(gte 19 11)
(gte 19 12)
(gte 19 13)
(gte 19 14)
(gte 19 15)
(gte 19 16)
(gte 19 17)
(gte 19 18)
(gte 19 19)
(gte 20 0)
(gte 20 1)
(gte 20 2)
(gte 20 3)
(gte 20 4)
(gte 20 5)
(gte 20 6)
(gte 20 7)
(gte 20 8)
(gte 20 9)
(gte 20 10)
(gte 20 11)
(gte 20 12)
(gte 20 13)
(gte 20 14)
(gte 20 15)
(gte 20 16)
(gte 20 17)
(gte 20 18)
(gte 20 19)
(gte 20 20)
(gte 21 0)
(gte 21 1)
(gte 21 2)
(gte 21 3)
(gte 21 4)
(gte 21 5)
(gte 21 6)
(gte 21 7)
(gte 21 8)
(gte 21 9)
(gte 21 10)
(gte 21 11)
(gte 21 12)
(gte 21 13)
(gte 21 14)
(gte 21 15)
(gte 21 16)
(gte 21 17)
(gte 21 18)
(gte 21 19)
(gte 21 20)
(gte 21 21)
(gte 22 0)
(gte 22 1)
(gte 22 2)
(gte 22 3)
(gte 22 4)
(gte 22 5)
(gte 22 6)
(gte 22 7)
(gte 22 8)
(gte 22 9)
(gte 22 10)
(gte 22 11)
(gte 22 12)
(gte 22 13)
(gte 22 14)
(gte 22 15)
(gte 22 16)
(gte 22 17)
(gte 22 18)
(gte 22 19)
(gte 22 20)
(gte 22 21)
(gte 22 22)
(gte 23 0)
(gte 23 1)
(gte 23 2)
(gte 23 3)
(gte 23 4)
(gte 23 5)
(gte 23 6)
(gte 23 7)
(gte 23 8)
(gte 23 9)
(gte 23 10)
(gte 23 11)
(gte 23 12)
(gte 23 13)
(gte 23 14)
(gte 23 15)
(gte 23 16)
(gte 23 17)
(gte 23 18)
(gte 23 19)
(gte 23 20)
(gte 23 21)
(gte 23 22)
(gte 23 23)
(gte 24 0)
(gte 24 1)
(gte 24 2)
(gte 24 3)
(gte 24 4)
(gte 24 5)
(gte 24 6)
(gte 24 7)
(gte 24 8)
(gte 24 9)
(gte 24 10)
(gte 24 11)
(gte 24 12)
(gte 24 13)
(gte 24 14)
(gte 24 15)
(gte 24 16)
(gte 24 17)
(gte 24 18)
(gte 24 19)
(gte 24 20)
(gte 24 21)
(gte 24 22)
(gte 24 23)
(gte 24 24)
(gte 25 0)
(gte 25 1)
(gte 25 2)
(gte 25 3)
(gte 25 4)
(gte 25 5)
(gte 25 6)
(gte 25 7)
(gte 25 8)
(gte 25 9)
(gte 25 10)
(gte 25 11)
(gte 25 12)
(gte 25 13)
(gte 25 14)
(gte 25 15)
(gte 25 16)
(gte 25 17)
(gte 25 18)
(gte 25 19)
(gte 25 20)
(gte 25 21)
(gte 25 22)
(gte 25 23)
(gte 25 24)
(gte 25 25)
(gte 26 0)
(gte 26 1)
(gte 26 2)
(gte 26 3)
(gte 26 4)
(gte 26 5)
(gte 26 6)
(gte 26 7)
(gte 26 8)
(gte 26 9)
(gte 26 10)
(gte 26 11)
(gte 26 12)
(gte 26 13)
(gte 26 14)
(gte 26 15)
(gte 26 16)
(gte 26 17)
(gte 26 18)
(gte 26 19)
(gte 26 20)
(gte 26 21)
(gte 26 22)
(gte 26 23)
(gte 26 24)
(gte 26 25)
(gte 26 26)
(inc 0 1)
(inc 1 2)
(inc 2 3)
(inc 3 4)
(inc 4 5)
(inc 5 6)
(inc 6 7)
(inc 7 8)
(inc 8 9)
(inc 9 10)
(inc 10 11)
(inc 11 12)
(inc 12 13)
(inc 13 14)
(inc 14 15)
(inc 15 16)
(inc 16 17)
(inc 17 18)
(inc 18 19)
(inc 19 20)
(inc 20 21)
(inc 21 22)
(inc 22 23)
(inc 23 24)
(inc 24 25)
(inc 25 26)
(lte 0 0)
(lte 0 1)
(lte 0 2)
(lte 0 3)
(lte 0 4)
(lte 0 5)
(lte 0 6)
(lte 0 7)
(lte 0 8)
(lte 0 9)
(lte 0 10)
(lte 0 11)
(lte 0 12)
(lte 0 13)
(lte 0 14)
(lte 0 15)
(lte 0 16)
(lte 0 17)
(lte 0 18)
(lte 0 19)
(lte 0 20)
(lte 0 21)
(lte 0 22)
(lte 0 23)
(lte 0 24)
(lte 0 25)
(lte 0 26)
(lte 1 1)
(lte 1 2)
(lte 1 3)
(lte 1 4)
(lte 1 5)
(lte 1 6)
(lte 1 7)
(lte 1 8)
(lte 1 9)
(lte 1 10)
(lte 1 11)
(lte 1 12)
(lte 1 13)
(lte 1 14)
(lte 1 15)
(lte 1 16)
(lte 1 17)
(lte 1 18)
(lte 1 19)
(lte 1 20)
(lte 1 21)
(lte 1 22)
(lte 1 23)
(lte 1 24)
(lte 1 25)
(lte 1 26)
(lte 2 2)
(lte 2 3)
(lte 2 4)
(lte 2 5)
(lte 2 6)
(lte 2 7)
(lte 2 8)
(lte 2 9)
(lte 2 10)
(lte 2 11)
(lte 2 12)
(lte 2 13)
(lte 2 14)
(lte 2 15)
(lte 2 16)
(lte 2 17)
(lte 2 18)
(lte 2 19)
(lte 2 20)
(lte 2 21)
(lte 2 22)
(lte 2 23)
(lte 2 24)
(lte 2 25)
(lte 2 26)
(lte 3 3)
(lte 3 4)
(lte 3 5)
(lte 3 6)
(lte 3 7)
(lte 3 8)
(lte 3 9)
(lte 3 10)
(lte 3 11)
(lte 3 12)
(lte 3 13)
(lte 3 14)
(lte 3 15)
(lte 3 16)
(lte 3 17)
(lte 3 18)
(lte 3 19)
(lte 3 20)
(lte 3 21)
(lte 3 22)
(lte 3 23)
(lte 3 24)
(lte 3 25)
(lte 3 26)
(lte 4 4)
(lte 4 5)
(lte 4 6)
(lte 4 7)
(lte 4 8)
(lte 4 9)
(lte 4 10)
(lte 4 11)
(lte 4 12)
(lte 4 13)
(lte 4 14)
(lte 4 15)
(lte 4 16)
(lte 4 17)
(lte 4 18)
(lte 4 19)
(lte 4 20)
(lte 4 21)
(lte 4 22)
(lte 4 23)
(lte 4 24)
(lte 4 25)
(lte 4 26)
(lte 5 5)
(lte 5 6)
(lte 5 7)
(lte 5 8)
(lte 5 9)
(lte 5 10)
(lte 5 11)
(lte 5 12)
(lte 5 13)
(lte 5 14)
(lte 5 15)
(lte 5 16)
(lte 5 17)
(lte 5 18)
(lte 5 19)
(lte 5 20)
(lte 5 21)
(lte 5 22)
(lte 5 23)
(lte 5 24)
(lte 5 25)
(lte 5 26)
(lte 6 6)
(lte 6 7)
(lte 6 8)
(lte 6 9)
(lte 6 10)
(lte 6 11)
(lte 6 12)
(lte 6 13)
(lte 6 14)
(lte 6 15)
(lte 6 16)
(lte 6 17)
(lte 6 18)
(lte 6 19)
(lte 6 20)
(lte 6 21)
(lte 6 22)
(lte 6 23)
(lte 6 24)
(lte 6 25)
(lte 6 26)
(lte 7 7)
(lte 7 8)
(lte 7 9)
(lte 7 10)
(lte 7 11)
(lte 7 12)
(lte 7 13)
(lte 7 14)
(lte 7 15)
(lte 7 16)
(lte 7 17)
(lte 7 18)
(lte 7 19)
(lte 7 20)
(lte 7 21)
(lte 7 22)
(lte 7 23)
(lte 7 24)
(lte 7 25)
(lte 7 26)
(lte 8 8)
(lte 8 9)
(lte 8 10)
(lte 8 11)
(lte 8 12)
(lte 8 13)
(lte 8 14)
(lte 8 15)
(lte 8 16)
(lte 8 17)
(lte 8 18)
(lte 8 19)
(lte 8 20)
(lte 8 21)
(lte 8 22)
(lte 8 23)
(lte 8 24)
(lte 8 25)
(lte 8 26)
(lte 9 9)
(lte 9 10)
(lte 9 11)
(lte 9 12)
(lte 9 13)
(lte 9 14)
(lte 9 15)
(lte 9 16)
(lte 9 17)
(lte 9 18)
(lte 9 19)
(lte 9 20)
(lte 9 21)
(lte 9 22)
(lte 9 23)
(lte 9 24)
(lte 9 25)
(lte 9 26)
(lte 10 10)
(lte 10 11)
(lte 10 12)
(lte 10 13)
(lte 10 14)
(lte 10 15)
(lte 10 16)
(lte 10 17)
(lte 10 18)
(lte 10 19)
(lte 10 20)
(lte 10 21)
(lte 10 22)
(lte 10 23)
(lte 10 24)
(lte 10 25)
(lte 10 26)
(lte 11 11)
(lte 11 12)
(lte 11 13)
(lte 11 14)
(lte 11 15)
(lte 11 16)
(lte 11 17)
(lte 11 18)
(lte 11 19)
(lte 11 20)
(lte 11 21)
(lte 11 22)
(lte 11 23)
(lte 11 24)
(lte 11 25)
(lte 11 26)
(lte 12 12)
(lte 12 13)
(lte 12 14)
(lte 12 15)
(lte 12 16)
(lte 12 17)
(lte 12 18)
(lte 12 19)
(lte 12 20)
(lte 12 21)
(lte 12 22)
(lte 12 23)
(lte 12 24)
(lte 12 25)
(lte 12 26)
(lte 13 13)
(lte 13 14)
(lte 13 15)
(lte 13 16)
(lte 13 17)
(lte 13 18)
(lte 13 19)
(lte 13 20)
(lte 13 21)
(lte 13 22)
(lte 13 23)
(lte 13 24)
(lte 13 25)
(lte 13 26)
(lte 14 14)
(lte 14 15)
(lte 14 16)
(lte 14 17)
(lte 14 18)
(lte 14 19)
(lte 14 20)
(lte 14 21)
(lte 14 22)
(lte 14 23)
(lte 14 24)
(lte 14 25)
(lte 14 26)
(lte 15 15)
(lte 15 16)
(lte 15 17)
(lte 15 18)
(lte 15 19)
(lte 15 20)
(lte 15 21)
(lte 15 22)
(lte 15 23)
(lte 15 24)
(lte 15 25)
(lte 15 26)
(lte 16 16)
(lte 16 17)
(lte 16 18)
(lte 16 19)
(lte 16 20)
(lte 16 21)
(lte 16 22)
(lte 16 23)
(lte 16 24)
(lte 16 25)
(lte 16 26)
(lte 17 17)
(lte 17 18)
(lte 17 19)
(lte 17 20)
(lte 17 21)
(lte 17 22)
(lte 17 23)
(lte 17 24)
(lte 17 25)
(lte 17 26)
(lte 18 18)
(lte 18 19)
(lte 18 20)
(lte 18 21)
(lte 18 22)
(lte 18 23)
(lte 18 24)
(lte 18 25)
(lte 18 26)
(lte 19 19)
(lte 19 20)
(lte 19 21)
(lte 19 22)
(lte 19 23)
(lte 19 24)
(lte 19 25)
(lte 19 26)
(lte 20 20)
(lte 20 21)
(lte 20 22)
(lte 20 23)
(lte 20 24)
(lte 20 25)
(lte 20 26)
(lte 21 21)
(lte 21 22)
(lte 21 23)
(lte 21 24)
(lte 21 25)
(lte 21 26)
(lte 22 22)
(lte 22 23)
(lte 22 24)
(lte 22 25)
(lte 22 26)
(lte 23 23)
(lte 23 24)
(lte 23 25)
(lte 23 26)
(lte 24 24)
(lte 24 25)
(lte 24 26)
(lte 25 25)
(lte 25 26)
(lte 26 26)
(axiom 1 (> $a (> $b $a)))
(axiom 2 (> (> $a (> $b $c)) (> (> $a $b) (> $a $c))))
(axiom 3 (> (> (! $a) (! $b)) (> $b $a)))
(target 7 (C (> (> p (> p s)) (> p s)) $a))
(sol 0 0 (C (> (> p (> p s)) (> p s)) (1 (2 (M (2 (2 (M (M I)))))))))
(sol 1 1 (C (/ (! (! (> p s))) (> (> p (> p s)) (> p s))) (1 (M (3 (M (3 (M I))))))))
(sol 1 1 (C (/ (! p) (> (> p (> p s)) (> p s))) (1 (M (3 (M (1 (M I))))))))
(sol 1 1 (C (/ (! p) (> (> p (> p s)) (> p s))) (1 (M (3 (M (2 (M I))))))))
(sol 1 1 (C (/ (> (! (! (! (> p s)))) (! (! (! (> p (> p s)))))) (> (> p (> p s)) (> p s))) (3 (M (3 (M (3 (M I))))))))
(sol 1 1 (C (/ (> (! (! p)) (! (! (> (> p s) s)))) (> (> p (> p s)) (> p s))) (3 (M (3 (M (2 (M I))))))))
(sol 1 1 (C (/ (> (! (! p)) (! (! s))) (> (> p (> p s)) (> p s))) (3 (M (3 (M (1 (M I))))))))
(sol 1 1 (C (/ (> (! (> p p)) (! (> p (> p s)))) (> (> p (> p s)) (> p s))) (3 (M (2 (2 (M (M I))))))))
(sol 1 1 (C (/ (> (! (> p s)) (! (> p (> p s)))) (> (> p (> p s)) (> p s))) (1 (3 (1 (M (M (M I))))))))
(sol 1 1 (C (/ (> (! (> p s)) (! (> p (> p s)))) (> (> p (> p s)) (> p s))) (2 (3 (1 (M (M (M I))))))))
(sol 1 1 (C (/ (> (! (> p s)) (! (> p (> p s)))) (> (> p (> p s)) (> p s))) (3 (3 (1 (M (M (M I))))))))
(sol 1 1 (C (/ (> (! s) (! (> p s))) (> (> p (> p s)) (> p s))) (3 (M (1 (M (2 (M I))))))))
(sol 1 1 (C (/ (> (> p (> p s)) (> (! s) (! p))) (> (> p (> p s)) (> p s))) (3 (1 (M (2 (M (M I))))))))
(sol 1 1 (C (/ (> (> p (> p s)) (> p s)) (> (> p (> p s)) (> p s))) (1 (1 (2 (M (M (M I))))))))
(sol 1 1 (C (/ (> (> p (> p s)) (> p s)) (> (> p (> p s)) (> p s))) (2 (1 (2 (M (M (M I))))))))
(sol 1 1 (C (/ (> (> p (> p s)) s) (> (> p (> p s)) (> p s))) (1 (1 (M (2 (M (M I))))))))
(sol 1 1 (C (/ (> p (> (> p s) p)) (> (> p (> p s)) (> p s))) (2 (M (2 (2 (M (M I))))))))
(sol 1 1 (C (/ (> p (> (> p s) s)) (> (> p (> p s)) (> p s))) (1 (2 (1 (M (M (M I))))))))
(sol 1 1 (C (/ (> p (> (> p s) s)) (> (> p (> p s)) (> p s))) (2 (2 (1 (M (M (M I))))))))
(sol 1 1 (C (/ (> p (> (> p s) s)) (> (> p (> p s)) (> p s))) (3 (2 (1 (M (M (M I))))))))
(sol 1 1 (C (/ (> p p) (> (> p (> p s)) (> p s))) (1 (M (2 (2 (M (M I))))))))
(sol 1 1 (C (/ (> p s) (> (> p (> p s)) (> p s))) (1 (1 (1 (M (M (M I))))))))
(sol 1 1 (C (/ (> p s) (> (> p (> p s)) (> p s))) (2 (1 (1 (M (M (M I))))))))
(sol 1 1 (C (/ (> p s) (> (> p (> p s)) (> p s))) (3 (1 (1 (M (M (M I))))))))
(sol 1 1 (C (/ s (> (> p (> p s)) (> p s))) (1 (M (1 (M (2 (M I))))))))
(sol 2 2 (C (/ (! $a) (/ $a (> (> p (> p s)) (> p s)))) (1 (M (3 (M (M I)))))))
(sol 2 2 (C (/ (> (! (! $a)) (! (! (> (> p (> p s)) (> p s))))) (/ $a (> (> p (> p s)) (> p s)))) (3 (M (3 (M (M I)))))))
(sol 2 2 (C (/ (> (! (> (! (> p s)) (! (> p (> p s))))) (! $a)) (/ $a (> (> p (> p s)) (> p s)))) (3 (M (M (3 (M I)))))))
(sol 2 2 (C (/ (> (! (> $a (> p s))) (! (> p (> p s)))) (/ (> (> p (> p s)) $a) (> (> p (> p s)) (> p s)))) (3 (M (2 (M (M I)))))))
(sol 2 2 (C (/ (> (! (> p (> (> p s) s))) (! $a)) (/ $a (> (> p (> p s)) (> p s)))) (3 (M (M (2 (M I)))))))
(sol 2 2 (C (/ (> (! (> p s)) (! (> p (> p s)))) (/ $a (> (> p (> p s)) (> p s)))) (1 (M (M (3 (M I)))))))
(sol 2 2 (C (/ (> (! (> p s)) (! (> p (> p s)))) (/ $a (> (> p (> p s)) (> p s)))) (3 (M (1 (M (M I)))))))
(sol 2 2 (C (/ (> (! (> p s)) (! $a)) (/ $a (> (> p (> p s)) (> p s)))) (3 (M (M (1 (M I)))))))
(sol 2 2 (C (/ (> (! (> p s)) (> $a (! (> p (> p s))))) (/ (> (! (> p s)) $a) (> (> p (> p s)) (> p s)))) (2 (M (M (3 (M I)))))))
(sol 2 2 (C (/ (> (> (! (> (> p (> p s)) (> p s))) (! $a)) $a) (/ (> (! (> (> p (> p s)) (> p s))) (! $a)) (> (> p (> p s)) (> p s)))) (3 (2 (M (M (M I)))))))
(sol 2 2 (C (/ (> (> (> p (> p s)) (> $a (> p s))) (> (> p (> p s)) $a)) (/ (> (> p (> p s)) (> $a (> p s))) (> (> p (> p s)) (> p s)))) (2 (2 (M (M (M I)))))))
(sol 2 2 (C (/ (> (> (> p (> p s)) (> p s)) $a) (/ (> (> p (> p s)) (> p s)) (> (> p (> p s)) (> p s)))) (1 (2 (M (M (M I)))))))
(sol 2 2 (C (/ (> $a (! (> p (> p s)))) (/ $a (> (> p (> p s)) (> p s)))) (M (1 (M (3 (M I)))))))
(sol 2 2 (C (/ (> $a (> (! (! (> p (> p s)))) (! (! (> p s))))) (/ $a (> (> p (> p s)) (> p s)))) (M (3 (M (3 (M I)))))))
(sol 2 2 (C (/ (> $a (> (! (> (> p s) s)) (! p))) (/ $a (> (> p (> p s)) (> p s)))) (M (3 (M (2 (M I)))))))
(sol 2 2 (C (/ (> $a (> (! s) (! p))) (/ $a (> (> p (> p s)) (> p s)))) (M (3 (M (1 (M I)))))))
(sol 2 2 (C (/ (> $a (> (> p (> p s)) (> p p))) (/ $a (> (> p (> p s)) (> p s)))) (M (2 (2 (M (M I)))))))
(sol 2 2 (C (/ (> $a (> (> p s) s)) (/ $a (> (> p (> p s)) (> p s)))) (M (1 (M (2 (M I)))))))
(sol 2 2 (C (/ (> $a (> p s)) (/ (> (> p (> p s)) $a) (> (> p (> p s)) (> p s)))) (1 (M (2 (M (M I)))))))
(sol 2 2 (C (/ (> $a s) (/ $a (> (> p (> p s)) (> p s)))) (M (1 (M (1 (M I)))))))
(sol 2 2 (C (/ (> p (> (> p s) (> p s))) (/ (> (> p (> p s)) p) (> (> p (> p s)) (> p s)))) (2 (M (2 (M (M I)))))))
(sol 2 2 (C (/ (> p (> (> p s) s)) (/ $a (> (> p (> p s)) (> p s)))) (1 (M (M (2 (M I)))))))
(sol 2 2 (C (/ (> p (> (> p s) s)) (/ $a (> (> p (> p s)) (> p s)))) (2 (M (1 (M (M I)))))))
(sol 2 2 (C (/ (> p (> $a (> (> p s) s))) (/ (> p $a) (> (> p (> p s)) (> p s)))) (2 (M (M (2 (M I)))))))
(sol 2 2 (C (/ (> p (> $a s)) (/ (> p $a) (> (> p (> p s)) (> p s)))) (2 (M (M (1 (M I)))))))
(sol 2 2 (C (/ (> p s) (/ $a (> (> p (> p s)) (> p s)))) (1 (M (1 (M (M I)))))))
(sol 2 2 (C (/ (> p s) (/ $a (> (> p (> p s)) (> p s)))) (1 (M (M (1 (M I)))))))
(sol 2 2 (C (/ $a (/ (> (! (> p s)) (! (> p (> p s)))) (> (> p (> p s)) (> p s)))) (3 (1 (M (M (M I)))))))
(sol 2 2 (C (/ $a (/ (> p (> (> p s) s)) (> (> p (> p s)) (> p s)))) (2 (1 (M (M (M I)))))))
(sol 2 2 (C (/ $a (/ (> p s) (> (> p (> p s)) (> p s)))) (1 (1 (M (M (M I)))))))
(sol 3 1 (C (/ (! (> p (> p s))) (> (> p (> p s)) (> p s))) (1 (M (3 (M I))))))
(sol 3 1 (C (/ (> (! (! (> p (> p s)))) (! (! (> p s)))) (> (> p (> p s)) (> p s))) (3 (M (3 (M I))))))
(sol 3 1 (C (/ (> (! (> (> p s) s)) (! p)) (> (> p (> p s)) (> p s))) (3 (M (2 (M I))))))
(sol 3 1 (C (/ (> (! s) (! p)) (> (> p (> p s)) (> p s))) (3 (M (1 (M I))))))
(sol 3 1 (C (/ (> (> p (> p s)) (> p p)) (> (> p (> p s)) (> p s))) (2 (2 (M (M I))))))
(sol 3 1 (C (/ (> (> p s) s) (> (> p (> p s)) (> p s))) (1 (M (2 (M I))))))
(sol 3 1 (C (/ s (> (> p (> p s)) (> p s))) (1 (M (1 (M I))))))
(sol 3 3 (C (/ (> (! (> $a (> (> p (> p s)) (> p s)))) (! $b)) (/ $b (/ $a (> (> p (> p s)) (> p s))))) (3 (M (M (M I))))))
(sol 3 3 (C (/ (> $a (> (! (> (> p (> p s)) (> p s))) (! $b))) (/ $a (/ $b (> (> p (> p s)) (> p s))))) (M (3 (M (M I))))))
(sol 3 3 (C (/ (> $a (> (> p (> p s)) (> $b (> p s)))) (/ $a (/ (> (> p (> p s)) $b) (> (> p (> p s)) (> p s))))) (M (2 (M (M I))))))
(sol 3 3 (C (/ (> $a (> (> p (> p s)) (> p s))) (/ $a (/ $b (> (> p (> p s)) (> p s))))) (M (1 (M (M I))))))
(sol 3 3 (C (/ (> $a (> (> p (> p s)) (> p s))) (/ $b (/ $a (> (> p (> p s)) (> p s))))) (1 (M (M (M I))))))
(sol 3 3 (C (/ (> $a (> $b (> (! (> p s)) (! (> p (> p s)))))) (/ $a (/ $b (> (> p (> p s)) (> p s))))) (M (M (3 (M I))))))
(sol 3 3 (C (/ (> $a (> $b (> (> p (> p s)) (> p s)))) (/ (> $a $b) (/ $a (> (> p (> p s)) (> p s))))) (2 (M (M (M I))))))
(sol 3 3 (C (/ (> $a (> $b (> p (> (> p s) s)))) (/ $a (/ $b (> (> p (> p s)) (> p s))))) (M (M (2 (M I))))))
(sol 3 3 (C (/ (> $a (> $b (> p s))) (/ $a (/ $b (> (> p (> p s)) (> p s))))) (M (M (1 (M I))))))
(sol 4 2 (C (/ (> (! (> (> p (> p s)) (> p s))) (! $a)) (/ $a (> (> p (> p s)) (> p s)))) (3 (M (M I)))))
(sol 4 2 (C (/ (> (> p (> p s)) (> $a (> p s))) (/ (> (> p (> p s)) $a) (> (> p (> p s)) (> p s)))) (2 (M (M I)))))
(sol 4 2 (C (/ (> (> p (> p s)) (> p s)) (/ $a (> (> p (> p s)) (> p s)))) (1 (M (M I)))))
(sol 4 2 (C (/ (> $a (> (! (> p s)) (! (> p (> p s))))) (/ $a (> (> p (> p s)) (> p s)))) (M (3 (M I)))))
(sol 4 2 (C (/ (> $a (> p (> (> p s) s))) (/ $a (> (> p (> p s)) (> p s)))) (M (2 (M I)))))
(sol 4 2 (C (/ (> $a (> p s)) (/ $a (> (> p (> p s)) (> p s)))) (M (1 (M I)))))
(sol 4 4 (C (/ (> $a (> $b (> $c (> (> p (> p s)) (> p s))))) (/ $a (/ $b (/ $c (> (> p (> p s)) (> p s)))))) (M (M (M I)))))
(sol 5 1 (C (/ (> (! (> p s)) (! (> p (> p s)))) (> (> p (> p s)) (> p s))) (3 (M I))))
(sol 5 1 (C (/ (> p (> (> p s) s)) (> (> p (> p s)) (> p s))) (2 (M I))))
(sol 5 1 (C (/ (> p s) (> (> p (> p s)) (> p s))) (1 (M I))))
(sol 5 3 (C (/ (> $a (> $b (> (> p (> p s)) (> p s)))) (/ $a (/ $b (> (> p (> p s)) (> p s))))) (M (M I))))
(sol 6 2 (C (/ (> $a (> (> p (> p s)) (> p s))) (/ $a (> (> p (> p s)) (> p s)))) (M I)))
(sol 7 1 (C (/ (> (> p (> p s)) (> p s)) (> (> p (> p s)) (> p s))) I))
(final 0 0 (C (> (> p (> p s)) (> p s)) (1 (2 (M (2 (2 (M (M I)))))))))
