(WIKI header (Name EmpId DeptName))
(OTHER header (X Y))
(WIKI data 0 Name Harry)
(WIKI data 0 EmpId 3415)
(WIKI data 0 DeptName Finance)
(WIKI data 1 Name Chear)
(WIKI data 1 EmpId 3489)
(WIKI data 1 DeptName Marketing)
(OTHER data 0 X 1)
(OTHER data 0 Y 2)
(OTHER data 1 X 10)
(OTHER data 1 Y 20)
(CROSSJOIN data (0 0) X 1)
(CROSSJOIN data (0 0) Y 2)
(CROSSJOIN data (0 0) Name Harry)
(CROSSJOIN data (0 0) EmpId 3415)
(CROSSJOIN data (0 0) DeptName Finance)
(CROSSJOIN data (0 1) X 10)
(CROSSJOIN data (0 1) Y 20)
(CROSSJOIN data (0 1) Name Harry)
(CROSSJOIN data (0 1) EmpId 3415)
(CROSSJOIN data (0 1) DeptName Finance)
(CROSSJOIN data (1 0) X 1)
(CROSSJOIN data (1 0) Y 2)
(CROSSJOIN data (1 0) Name Chear)
(CROSSJOIN data (1 0) EmpId 3489)
(CROSSJOIN data (1 0) DeptName Marketing)
(CROSSJOIN data (1 1) X 10)
(CROSSJOIN data (1 1) Y 20)
(CROSSJOIN data (1 1) Name Chear)
(CROSSJOIN data (1 1) EmpId 3489)
(CROSSJOIN data (1 1) DeptName Marketing)
