(WIKI (, Name EmpId DeptName) (, Cheat 3489 Marketing))
(WIKI (, Name EmpId DeptName) (, Harry 3415 Finance))
(OTHER (, X Y) (, 1 2))
(OTHER (, X Y) (, 10 20))
(CROSSJOIN (, Name EmpId DeptName X Y) (, Cheat 3489 Marketing 1 2))
(CROSSJOIN (, Name EmpId DeptName X Y) (, Cheat 3489 Marketing 10 20))
(CROSSJOIN (, Name EmpId DeptName X Y) (, Harry 3415 Finance 1 2))
(CROSSJOIN (, Name EmpId DeptName X Y) (, Harry 3415 Finance 10 20))
(concat (, $a $b $c) (, $d $e) (, $a $b $c $d $e))
