(data (poi Ann))
(data (poi Jim))
(data (result (Ann aunt of Jim)))
(data (result (Liz aunt of Ann)))
(male Bob)
(male Jim)
(male Tom)
(female Ann)
(female Liz)
(female Pam)
(female Pat)
(Ann != Bob)
(Ann != Jim)
(Ann != Liz)
(Ann != Pam)
(Ann != Pat)
(Ann != Tom)
(Ann == Ann)
(Bob != Ann)
(Bob != Jim)
(Bob != Liz)
(Bob != Pam)
(Bob != Pat)
(Bob != Tom)
(Bob == Bob)
(Jim != Ann)
(Jim != Bob)
(Jim != Liz)
(Jim != Pam)
(Jim != Pat)
(Jim != Tom)
(Jim == Jim)
(Liz != Ann)
(Liz != Bob)
(Liz != Jim)
(Liz != Pam)
(Liz != Pat)
(Liz != Tom)
(Liz == Liz)
(Pam != Ann)
(Pam != Bob)
(Pam != Jim)
(Pam != Liz)
(Pam != Pat)
(Pam != Tom)
(Pam == Pam)
(Pat != Ann)
(Pat != Bob)
(Pat != Jim)
(Pat != Liz)
(Pat != Pam)
(Pat != Tom)
(Pat == Pat)
(Tom != Ann)
(Tom != Bob)
(Tom != Jim)
(Tom != Liz)
(Tom != Pam)
(Tom != Pat)
(Tom == Tom)
(parent Bob Ann)
(parent Bob Pat)
(parent Pam Bob)
(parent Pat Jim)
(parent Tom Bob)
(parent Tom Liz)
(exec QA (, (aunt $a $b $c $d) (data $a) (exec QA $e $f) (parent $g $b) (parent $h $g) (parent $h $c) (female $c) ($g != $c)) (, (data $d) (exec QA $e $f)))
(aunt (poi $a) $a $b (result ($b aunt of $a)))
