(arg (test (foo 1)))
(res (test (foo 1)))
(peel (foo 1) 2)
(peel A2 0)
(peel test 1)
(destruct () 0 A0)
(destruct ($a) 0 A1)
(destruct ($a) 1 $a)
(destruct ($a $b) 0 A2)
(destruct ($a $b) 1 $a)
(destruct ($a $b) 2 $b)
(destruct ($a $b $c) 0 A3)
(destruct ($a $b $c) 1 $a)
(destruct ($a $b $c) 2 $b)
(destruct ($a $b $c) 3 $c)
