(edge n0 n2)
(edge n0 n7)
(edge n0 n12)
(edge n1 n4)
(edge n1 n7)
(edge n1 n8)
(edge n1 n13)
(edge n2 n4)
(edge n2 n6)
(edge n2 n10)
(edge n2 n11)
(edge n2 n12)
(edge n2 n15)
(edge n3 n4)
(edge n3 n6)
(edge n3 n8)
(edge n3 n9)
(edge n3 n12)
(edge n3 n15)
(edge n4 n8)
(edge n4 n9)
(edge n4 n14)
(edge n5 n6)
(edge n5 n9)
(edge n5 n10)
(edge n6 n10)
(edge n6 n11)
(edge n6 n13)
(edge n7 n8)
(edge n7 n10)
(edge n7 n11)
(edge n8 n14)
(edge n9 n14)
(edge n9 n15)
(edge n10 n15)
(edge n11 n13)
(edge n11 n15)
(edge n12 n13)
(edge n12 n15)
(edge n14 n15)
