(r a)
(r b)
(hh (kk p 1))
(hh (kk p 2))
(hh (kk q 3))
(je 2)
(jl 1)
(jl 2)
(jl 3)
(jr 2)
(jr 3)
(jr 4)
(out1 a)
(out1 b)
(out2 k)
(out3 1)
(out3 2)
(out3 3)
(out4 1)
(out4 2)
(out4 3)
(out5 2)
(wanted t)
(counter (Z))
(s a p)
(s a q)
(s a t)
(s b t)
(gg p 1)
(gg p 2)
(gg q 3)
(sv k (f $a))
(sv k (g $a $b))
(sv k plain)
