(o1 A)
(o1 B)
(o2 $a)
(o3 $a)
(o4 A)
(o4 B)
(o5 A)
(o5 B)
(o6 $a)
(o7 $a)
(o8 $a A)
(o8 $a B)
(f1 $a A $a)
(f1 $a B $a)
(f2 $a $a A)
(f2 $a $a B)
(f3 $a $a $a)
(f3 $a $a A)
(f4 A $a $a)
(f4 B $a $a)
(f6 $a A $a)
(f6 $a B $a)
(f7 $a $a (g $a))
(f7 $a $a (h $a))
(f5 $a A $a $a)
(f5 $a B $a $a)
(f8 $a $a A $a)
(f8 $a $a B $a)
