(Tz u)
(Tz v)
(R1y p)
(R1y q)
(S1y p)
(S1y q)
(S2z u)
(S2z v)
(fuelD (S (S Z)))
(fuelN Z)
(R a p)
(R b p)
(R c q)
(R d r)
(S p u)
(S p v)
(S q u)
(S r dead)
(T u m)
(T v n)
(R1 p a)
(R1 p b)
(R1 q c)
(S1 p u)
(S1 p v)
(S1 q u)
(S2 u p)
(S2 u q)
(S2 v p)
(T1 u m)
(T1 v n)
(edge g0 g1)
(edge g1 g2)
(edge g2 g3)
(edge g3 g4)
(outN a m)
(outN a n)
(outN b m)
(outN b n)
(outN c m)
(outS a m)
(outS a n)
(outS b m)
(outS b n)
(outS c m)
(pathD g0 g1)
(pathD g0 g2)
(pathD g0 g3)
(pathD g0 g4)
(pathD g1 g2)
(pathD g1 g3)
(pathD g1 g4)
(pathD g2 g3)
(pathD g2 g4)
(pathD g3 g4)
(pathN g0 g1)
(pathN g0 g2)
(pathN g0 g3)
(pathN g0 g4)
(pathN g1 g2)
(pathN g1 g3)
(pathN g1 g4)
(pathN g2 g3)
(pathN g2 g4)
(pathN g3 g4)
(front (S (S (S Z))) g0 g4)
(front (S (S Z)) g0 g3)
(front (S (S Z)) g1 g4)
(front (S Z) g0 g2)
(front (S Z) g1 g3)
(front (S Z) g2 g4)
(front Z g0 g1)
(front Z g1 g2)
(front Z g2 g3)
(front Z g3 g4)
