(ok0 r0)
(ok0 r1)
(ok1 r0)
(cycN a)
(cycN b)
(cycN c)
(cycN d)
(cycN f)
(cycN g)
(cycS a)
(cycS b)
(cycS c)
(cycS d)
(cycS f)
(cycS g)
(craftN itemA)
(craftS itemA)
(inventory coal)
(inventory gold)
(inventory wood)
(inventory stone)
(e a b)
(e a c)
(e b c)
(e c d)
(e c f)
(e d f)
(e f a)
(e f g)
(e g a)
(p3 a a)
(p3 a d)
(p3 a f)
(p3 a g)
(p3 b a)
(p3 b f)
(p3 b g)
(p3 c a)
(p3 c b)
(p3 c c)
(p3 c g)
(p3 d a)
(p3 d b)
(p3 d c)
(p3 f b)
(p3 f c)
(p3 f d)
(p3 f f)
(p3 g c)
(p3 g d)
(p3 g f)
(edge n0 n1)
(edge n0 n2)
(edge n0 n3)
(edge n1 n2)
(edge n1 n3)
(edge n1 n4)
(edge n2 n3)
(edge n2 n4)
(recipe r0 (key (sx0 wood)))
(recipe r0 (key (sx0 stone)))
(recipe r0 (key (sy0 coal)))
(recipe r0 (result (id itemA)))
(recipe r0 (numIngredients 2))
(recipe r0 (pattern 0 sx0))
(recipe r0 (pattern 1 sy0))
(recipe r1 (key (sx1 gold)))
(recipe r1 (key (sy1 missing)))
(recipe r1 (result (id itemB)))
(recipe r1 (numIngredients 2))
(recipe r1 (pattern 0 sx1))
(recipe r1 (pattern 1 sy1))
(tri n0 n1 n2)
(tri n0 n1 n3)
(tri n0 n2 n3)
(tri n1 n2 n3)
(tri n1 n2 n4)
(c4N n0 n1 n2 n3)
(c4S n0 n1 n2 n3)
