(dD (! deep ok))
(dD (! early seen))
(fC (S Z))
(fD (S (S (S (S (S (S Z)))))))
(fN Z)
(pC (! early seen))
(pC (? r1 q1 (! deep ok)))
(pD (! c0 p0))
(pD (! c1 p1))
(pD (! c2 p2))
(pD (! c3 p3))
(pD (! r0 q0))
(pD (! r1 q1))
(pD (! deep ok))
(pD (! early seen))
(pD (? c0 p0 (! c1 p1)))
(pD (? c1 p1 (! c2 p2)))
(pD (? c2 p2 (! c3 p3)))
(pD (? c3 p3 (! r0 q0)))
(pD (? r0 q0 (? r1 q1 (! deep ok))))
(pD (? r1 q1 (! deep ok)))
(pD (? r1 q1 (! early seen)))
(pN (! c0 p0))
(pN (! c1 p1))
(pN (! c2 p2))
(pN (! c3 p3))
(pN (! r0 q0))
(pN (! r1 q1))
(pN (! deep ok))
(pN (! early seen))
(pN (? c0 p0 (! c1 p1)))
(pN (? c1 p1 (! c2 p2)))
(pN (? c2 p2 (! c3 p3)))
(pN (? c3 p3 (! r0 q0)))
(pN (? r0 q0 (? r1 q1 (! deep ok))))
(pN (? r1 q1 (! deep ok)))
(pN (? r1 q1 (! early seen)))
((armD 0) (, (dD (? $a $b $c)) (pD (! $a $b))) (O (+ (pD $c)) (+ (dD $c)) (- (dD (? $a $b $c)))))
((armD 1) (, (pD (? $a $b $c)) (dD (! $a $b))) (O (+ (pD $c)) (+ (dD $c)) (- (dD (! $a $b)))))
