(fC (S (S Z)))
(fD (S (S Z)))
(fN Z)
(pC (! c4 p4))
(pD (! c0 p0))
(pD (! c1 p1))
(pD (! c2 p2))
(pD (! c3 p3))
(pD (! c4 p4))
(pD (? c0 p0 (! c1 p1)))
(pD (? c1 p1 (! c2 p2)))
(pD (? c2 p2 (! c3 p3)))
(pD (? c3 p3 (! c4 p4)))
(pN (! c0 p0))
(pN (! c1 p1))
(pN (! c2 p2))
(pN (! c3 p3))
(pN (! c4 p4))
(pN (? c0 p0 (! c1 p1)))
(pN (? c1 p1 (! c2 p2)))
(pN (? c2 p2 (! c3 p3)))
(pN (? c3 p3 (! c4 p4)))
(dmsg (! c4 p4))
